Archive member included to satisfy reference by file (symbol)

/Applications/ArmGNUToolchain/12.2.mpacbti-rel1/arm-none-eabi/bin/../lib/gcc/arm-none-eabi/12.2.1/thumb/v7e-m/nofp/libgcc.a(_aeabi_uldivmod.o)
                              CMakeFiles/STM32F4_mp3_player.elf.dir/Drivers/STM32F4xx_HAL_Driver/Src/stm32f4xx_hal_rcc.c.obj (__aeabi_uldivmod)
/Applications/ArmGNUToolchain/12.2.mpacbti-rel1/arm-none-eabi/bin/../lib/gcc/arm-none-eabi/12.2.1/thumb/v7e-m/nofp/libgcc.a(_udivmoddi4.o)
                              /Applications/ArmGNUToolchain/12.2.mpacbti-rel1/arm-none-eabi/bin/../lib/gcc/arm-none-eabi/12.2.1/thumb/v7e-m/nofp/libgcc.a(_aeabi_uldivmod.o) (__udivmoddi4)
/Applications/ArmGNUToolchain/12.2.mpacbti-rel1/arm-none-eabi/bin/../lib/gcc/arm-none-eabi/12.2.1/thumb/v7e-m/nofp/libgcc.a(_dvmd_tls.o)
                              /Applications/ArmGNUToolchain/12.2.mpacbti-rel1/arm-none-eabi/bin/../lib/gcc/arm-none-eabi/12.2.1/thumb/v7e-m/nofp/libgcc.a(_aeabi_uldivmod.o) (__aeabi_ldiv0)
/Applications/ArmGNUToolchain/12.2.mpacbti-rel1/arm-none-eabi/bin/../lib/gcc/arm-none-eabi/12.2.1/../../../../arm-none-eabi/lib/thumb/v7e-m/nofp/libg.a(libc_a-exit.o)
                              /Applications/ArmGNUToolchain/12.2.mpacbti-rel1/arm-none-eabi/bin/../lib/gcc/arm-none-eabi/12.2.1/../../../../arm-none-eabi/lib/thumb/v7e-m/nofp/crt0.o (exit)
/Applications/ArmGNUToolchain/12.2.mpacbti-rel1/arm-none-eabi/bin/../lib/gcc/arm-none-eabi/12.2.1/../../../../arm-none-eabi/lib/thumb/v7e-m/nofp/libg.a(libc_a-malloc.o)
                              CMakeFiles/STM32F4_mp3_player.elf.dir/Middlewares/ST/STM32_USB_Host_Library/Class/MSC/Src/usbh_msc.c.obj (malloc)
/Applications/ArmGNUToolchain/12.2.mpacbti-rel1/arm-none-eabi/bin/../lib/gcc/arm-none-eabi/12.2.1/../../../../arm-none-eabi/lib/thumb/v7e-m/nofp/libg.a(libc_a-mallocr.o)
                              /Applications/ArmGNUToolchain/12.2.mpacbti-rel1/arm-none-eabi/bin/../lib/gcc/arm-none-eabi/12.2.1/../../../../arm-none-eabi/lib/thumb/v7e-m/nofp/libg.a(libc_a-malloc.o) (_malloc_r)
/Applications/ArmGNUToolchain/12.2.mpacbti-rel1/arm-none-eabi/bin/../lib/gcc/arm-none-eabi/12.2.1/../../../../arm-none-eabi/lib/thumb/v7e-m/nofp/libg.a(libc_a-mlock.o)
                              /Applications/ArmGNUToolchain/12.2.mpacbti-rel1/arm-none-eabi/bin/../lib/gcc/arm-none-eabi/12.2.1/../../../../arm-none-eabi/lib/thumb/v7e-m/nofp/libg.a(libc_a-mallocr.o) (__malloc_lock)
/Applications/ArmGNUToolchain/12.2.mpacbti-rel1/arm-none-eabi/bin/../lib/gcc/arm-none-eabi/12.2.1/../../../../arm-none-eabi/lib/thumb/v7e-m/nofp/libg.a(libc_a-findfp.o)
                              /Applications/ArmGNUToolchain/12.2.mpacbti-rel1/arm-none-eabi/bin/../lib/gcc/arm-none-eabi/12.2.1/../../../../arm-none-eabi/lib/thumb/v7e-m/nofp/libg.a(libc_a-exit.o) (__stdio_exit_handler)
/Applications/ArmGNUToolchain/12.2.mpacbti-rel1/arm-none-eabi/bin/../lib/gcc/arm-none-eabi/12.2.1/../../../../arm-none-eabi/lib/thumb/v7e-m/nofp/libg.a(libc_a-fwalk.o)
                              /Applications/ArmGNUToolchain/12.2.mpacbti-rel1/arm-none-eabi/bin/../lib/gcc/arm-none-eabi/12.2.1/../../../../arm-none-eabi/lib/thumb/v7e-m/nofp/libg.a(libc_a-findfp.o) (_fwalk_sglue)
/Applications/ArmGNUToolchain/12.2.mpacbti-rel1/arm-none-eabi/bin/../lib/gcc/arm-none-eabi/12.2.1/../../../../arm-none-eabi/lib/thumb/v7e-m/nofp/libg.a(libc_a-memset.o)
                              /Applications/ArmGNUToolchain/12.2.mpacbti-rel1/arm-none-eabi/bin/../lib/gcc/arm-none-eabi/12.2.1/../../../../arm-none-eabi/lib/thumb/v7e-m/nofp/crt0.o (memset)
/Applications/ArmGNUToolchain/12.2.mpacbti-rel1/arm-none-eabi/bin/../lib/gcc/arm-none-eabi/12.2.1/../../../../arm-none-eabi/lib/thumb/v7e-m/nofp/libg.a(libc_a-strncpy.o)
                              CMakeFiles/STM32F4_mp3_player.elf.dir/Core/Src/File_Handling.c.obj (strncpy)
/Applications/ArmGNUToolchain/12.2.mpacbti-rel1/arm-none-eabi/bin/../lib/gcc/arm-none-eabi/12.2.1/../../../../arm-none-eabi/lib/thumb/v7e-m/nofp/libg.a(libc_a-strstr.o)
                              CMakeFiles/STM32F4_mp3_player.elf.dir/Core/Src/File_Handling.c.obj (strstr)
/Applications/ArmGNUToolchain/12.2.mpacbti-rel1/arm-none-eabi/bin/../lib/gcc/arm-none-eabi/12.2.1/../../../../arm-none-eabi/lib/thumb/v7e-m/nofp/libg.a(libc_a-impure.o)
                              /Applications/ArmGNUToolchain/12.2.mpacbti-rel1/arm-none-eabi/bin/../lib/gcc/arm-none-eabi/12.2.1/../../../../arm-none-eabi/lib/thumb/v7e-m/nofp/libg.a(libc_a-malloc.o) (_impure_ptr)
/Applications/ArmGNUToolchain/12.2.mpacbti-rel1/arm-none-eabi/bin/../lib/gcc/arm-none-eabi/12.2.1/../../../../arm-none-eabi/lib/thumb/v7e-m/nofp/libg.a(libc_a-sbrkr.o)
                              /Applications/ArmGNUToolchain/12.2.mpacbti-rel1/arm-none-eabi/bin/../lib/gcc/arm-none-eabi/12.2.1/../../../../arm-none-eabi/lib/thumb/v7e-m/nofp/libg.a(libc_a-mallocr.o) (_sbrk_r)
[...]
Memory Configuration

Name             Origin             Length             Attributes
RAM              0x20000000         0x00020000         xrw
FLASH            0x08000000         0x00080000         xr
*default*        0x00000000         0xffffffff

Linker script and memory map

LOAD /Applications/ArmGNUToolchain/12.2.mpacbti-rel1/arm-none-eabi/bin/../lib/gcc/arm-none-eabi/12.2.1/thumb/v7e-m/nofp/crti.o
LOAD /Applications/ArmGNUToolchain/12.2.mpacbti-rel1/arm-none-eabi/bin/../lib/gcc/arm-none-eabi/12.2.1/thumb/v7e-m/nofp/crtbegin.o
LOAD /Applications/ArmGNUToolchain/12.2.mpacbti-rel1/arm-none-eabi/bin/../lib/gcc/arm-none-eabi/12.2.1/../../../../arm-none-eabi/lib/thumb/v7e-m/nofp/crt0.o
LOAD CMakeFiles/STM32F4_mp3_player.elf.dir/Core/Src/AUDIO.c.obj
LOAD CMakeFiles/STM32F4_mp3_player.elf.dir/Core/Src/AUDIO_LINK.c.obj
LOAD CMakeFiles/STM32F4_mp3_player.elf.dir/Core/Src/File_Handling.c.obj
LOAD CMakeFiles/STM32F4_mp3_player.elf.dir/Core/Src/cs43l22.c.obj
LOAD CMakeFiles/STM32F4_mp3_player.elf.dir/Core/Src/main.c.obj
LOAD CMakeFiles/STM32F4_mp3_player.elf.dir/Core/Src/stm32f4xx_hal_msp.c.obj
LOAD CMakeFiles/STM32F4_mp3_player.elf.dir/Core/Src/stm32f4xx_it.c.obj
LOAD CMakeFiles/STM32F4_mp3_player.elf.dir/Core/Src/syscalls.c.obj
LOAD CMakeFiles/STM32F4_mp3_player.elf.dir/Core/Src/sysmem.c.obj
LOAD CMakeFiles/STM32F4_mp3_player.elf.dir/Core/Src/system_stm32f4xx.c.obj
LOAD CMakeFiles/STM32F4_mp3_player.elf.dir/Core/Src/waveplayer.c.obj
LOAD CMakeFiles/STM32F4_mp3_player.elf.dir/Core/Startup/startup_stm32f411vetx.s.obj
LOAD CMakeFiles/STM32F4_mp3_player.elf.dir/Drivers/STM32F4xx_HAL_Driver/Src/stm32f4xx_hal.c.obj
LOAD CMakeFiles/STM32F4_mp3_player.elf.dir/Drivers/STM32F4xx_HAL_Driver/Src/stm32f4xx_hal_cortex.c.obj
LOAD CMakeFiles/STM32F4_mp3_player.elf.dir/Drivers/STM32F4xx_HAL_Driver/Src/stm32f4xx_hal_dma.c.obj
LOAD CMakeFiles/STM32F4_mp3_player.elf.dir/Drivers/STM32F4xx_HAL_Driver/Src/stm32f4xx_hal_dma_ex.c.obj
LOAD CMakeFiles/STM32F4_mp3_player.elf.dir/Drivers/STM32F4xx_HAL_Driver/Src/stm32f4xx_hal_exti.c.obj
LOAD CMakeFiles/STM32F4_mp3_player.elf.dir/Drivers/STM32F4xx_HAL_Driver/Src/stm32f4xx_hal_flash.c.obj
LOAD CMakeFiles/STM32F4_mp3_player.elf.dir/Drivers/STM32F4xx_HAL_Driver/Src/stm32f4xx_hal_flash_ex.c.obj
LOAD CMakeFiles/STM32F4_mp3_player.elf.dir/Drivers/STM32F4xx_HAL_Driver/Src/stm32f4xx_hal_flash_ramfunc.c.obj
LOAD CMakeFiles/STM32F4_mp3_player.elf.dir/Drivers/STM32F4xx_HAL_Driver/Src/stm32f4xx_hal_gpio.c.obj
LOAD CMakeFiles/STM32F4_mp3_player.elf.dir/Drivers/STM32F4xx_HAL_Driver/Src/stm32f4xx_hal_hcd.c.obj
LOAD CMakeFiles/STM32F4_mp3_player.elf.dir/Drivers/STM32F4xx_HAL_Driver/Src/stm32f4xx_hal_i2c.c.obj
LOAD CMakeFiles/STM32F4_mp3_player.elf.dir/Drivers/STM32F4xx_HAL_Driver/Src/stm32f4xx_hal_i2c_ex.c.obj
LOAD CMakeFiles/STM32F4_mp3_player.elf.dir/Drivers/STM32F4xx_HAL_Driver/Src/stm32f4xx_hal_i2s.c.obj
LOAD CMakeFiles/STM32F4_mp3_player.elf.dir/Drivers/STM32F4xx_HAL_Driver/Src/stm32f4xx_hal_i2s_ex.c.obj
LOAD CMakeFiles/STM32F4_mp3_player.elf.dir/Drivers/STM32F4xx_HAL_Driver/Src/stm32f4xx_hal_pwr.c.obj
LOAD CMakeFiles/STM32F4_mp3_player.elf.dir/Drivers/STM32F4xx_HAL_Driver/Src/stm32f4xx_hal_pwr_ex.c.obj
LOAD CMakeFiles/STM32F4_mp3_player.elf.dir/Drivers/STM32F4xx_HAL_Driver/Src/stm32f4xx_hal_rcc.c.obj
LOAD CMakeFiles/STM32F4_mp3_player.elf.dir/Drivers/STM32F4xx_HAL_Driver/Src/stm32f4xx_hal_rcc_ex.c.obj
LOAD CMakeFiles/STM32F4_mp3_player.elf.dir/Drivers/STM32F4xx_HAL_Driver/Src/stm32f4xx_hal_tim.c.obj
LOAD CMakeFiles/STM32F4_mp3_player.elf.dir/Drivers/STM32F4xx_HAL_Driver/Src/stm32f4xx_hal_tim_ex.c.obj
LOAD CMakeFiles/STM32F4_mp3_player.elf.dir/Drivers/STM32F4xx_HAL_Driver/Src/stm32f4xx_ll_usb.c.obj
LOAD CMakeFiles/STM32F4_mp3_player.elf.dir/FATFS/App/fatfs.c.obj
LOAD CMakeFiles/STM32F4_mp3_player.elf.dir/FATFS/Target/usbh_diskio.c.obj
LOAD CMakeFiles/STM32F4_mp3_player.elf.dir/Middlewares/ST/STM32_USB_Host_Library/Class/MSC/Src/usbh_msc.c.obj
LOAD CMakeFiles/STM32F4_mp3_player.elf.dir/Middlewares/ST/STM32_USB_Host_Library/Class/MSC/Src/usbh_msc_bot.c.obj
LOAD CMakeFiles/STM32F4_mp3_player.elf.dir/Middlewares/ST/STM32_USB_Host_Library/Class/MSC/Src/usbh_msc_scsi.c.obj
LOAD CMakeFiles/STM32F4_mp3_player.elf.dir/Middlewares/ST/STM32_USB_Host_Library/Core/Src/usbh_core.c.obj
LOAD CMakeFiles/STM32F4_mp3_player.elf.dir/Middlewares/ST/STM32_USB_Host_Library/Core/Src/usbh_ctlreq.c.obj
LOAD CMakeFiles/STM32F4_mp3_player.elf.dir/Middlewares/ST/STM32_USB_Host_Library/Core/Src/usbh_ioreq.c.obj
LOAD CMakeFiles/STM32F4_mp3_player.elf.dir/Middlewares/ST/STM32_USB_Host_Library/Core/Src/usbh_pipes.c.obj
LOAD CMakeFiles/STM32F4_mp3_player.elf.dir/Middlewares/Third_Party/FatFs/src/diskio.c.obj
LOAD CMakeFiles/STM32F4_mp3_player.elf.dir/Middlewares/Third_Party/FatFs/src/ff.c.obj
LOAD CMakeFiles/STM32F4_mp3_player.elf.dir/Middlewares/Third_Party/FatFs/src/ff_gen_drv.c.obj
LOAD CMakeFiles/STM32F4_mp3_player.elf.dir/Middlewares/Third_Party/FatFs/src/option/ccsbcs.c.obj
LOAD CMakeFiles/STM32F4_mp3_player.elf.dir/Middlewares/Third_Party/FatFs/src/option/syscall.c.obj
LOAD CMakeFiles/STM32F4_mp3_player.elf.dir/USB_HOST/App/usb_host.c.obj
LOAD CMakeFiles/STM32F4_mp3_player.elf.dir/USB_HOST/Target/usbh_conf.c.obj
LOAD CMakeFiles/STM32F4_mp3_player.elf.dir/USB_HOST/Target/usbh_platform.c.obj
START GROUP
LOAD /Applications/ArmGNUToolchain/12.2.mpacbti-rel1/arm-none-eabi/bin/../lib/gcc/arm-none-eabi/12.2.1/thumb/v7e-m/nofp/libgcc.a
LOAD /Applications/ArmGNUToolchain/12.2.mpacbti-rel1/arm-none-eabi/bin/../lib/gcc/arm-none-eabi/12.2.1/../../../../arm-none-eabi/lib/thumb/v7e-m/nofp/libg.a
LOAD /Applications/ArmGNUToolchain/12.2.mpacbti-rel1/arm-none-eabi/bin/../lib/gcc/arm-none-eabi/12.2.1/../../../../arm-none-eabi/lib/thumb/v7e-m/nofp/libc.a
END GROUP
LOAD /Applications/ArmGNUToolchain/12.2.mpacbti-rel1/arm-none-eabi/bin/../lib/gcc/arm-none-eabi/12.2.1/thumb/v7e-m/nofp/crtend.o
LOAD /Applications/ArmGNUToolchain/12.2.mpacbti-rel1/arm-none-eabi/bin/../lib/gcc/arm-none-eabi/12.2.1/thumb/v7e-m/nofp/crtn.o
                0x20020000                        _estack = (ORIGIN (RAM) + LENGTH (RAM))
                0x00000200                        _Min_Heap_Size = 0x200
                0x00000400                        _Min_Stack_Size = 0x400

.isr_vector     0x08000000      0x198
                0x08000000                        . = ALIGN (0x4)
 *(.isr_vector)
 .isr_vector    0x08000000      0x198 CMakeFiles/STM32F4_mp3_player.elf.dir/Core/Startup/startup_stm32f411vetx.s.obj
                0x08000000                g_pfnVectors
                0x08000198                        . = ALIGN (0x4)

.text           0x080001c0     0xa2f0
                0x080001c0                        . = ALIGN (0x4)
 *(.text)
 .text          0x080001c0       0x30 /Applications/ArmGNUToolchain/12.2.mpacbti-rel1/arm-none-eabi/bin/../lib/gcc/arm-none-eabi/12.2.1/thumb/v7e-m/nofp/libgcc.a(_aeabi_uldivmod.o)
                0x080001c0                __aeabi_uldivmod
 .text          0x080001f0        0x4 /Applications/ArmGNUToolchain/12.2.mpacbti-rel1/arm-none-eabi/bin/../lib/gcc/arm-none-eabi/12.2.1/thumb/v7e-m/nofp/libgcc.a(_dvmd_tls.o)
                0x080001f0                __aeabi_ldiv0
                0x080001f0                __aeabi_idiv0
 *fill*         0x080001f4        0xc 
 .text          0x08000200       0xd8 /Applications/ArmGNUToolchain/12.2.mpacbti-rel1/arm-none-eabi/bin/../lib/gcc/arm-none-eabi/12.2.1/../../../../arm-none-eabi/lib/thumb/v7e-m/nofp/libg.a(libc_a-strlen.o)
                0x08000200                strlen
 *(.text*)
 .text.deregister_tm_clones
                0x080002d8       0x1c /Applications/ArmGNUToolchain/12.2.mpacbti-rel1/arm-none-eabi/bin/../lib/gcc/arm-none-eabi/12.2.1/thumb/v7e-m/nofp/crtbegin.o
 .text.register_tm_clones
                0x080002f4       0x24 /Applications/ArmGNUToolchain/12.2.mpacbti-rel1/arm-none-eabi/bin/../lib/gcc/arm-none-eabi/12.2.1/thumb/v7e-m/nofp/crtbegin.o
 .text.__do_global_dtors_aux
                0x08000318       0x28 /Applications/ArmGNUToolchain/12.2.mpacbti-rel1/arm-none-eabi/bin/../lib/gcc/arm-none-eabi/12.2.1/thumb/v7e-m/nofp/crtbegin.o
 .text.frame_dummy
                0x08000340       0x24 /Applications/ArmGNUToolchain/12.2.mpacbti-rel1/arm-none-eabi/bin/../lib/gcc/arm-none-eabi/12.2.1/thumb/v7e-m/nofp/crtbegin.o
 .text.I2S3_Init
                0x08000364       0x38 CMakeFiles/STM32F4_mp3_player.elf.dir/Core/Src/AUDIO.c.obj
 .text.AUDIO_OUT_Play
                0x0800039c       0x40 CMakeFiles/STM32F4_mp3_player.elf.dir/Core/Src/AUDIO.c.obj
                0x0800039c                AUDIO_OUT_Play
 .text.AUDIO_OUT_Pause
                0x080003dc       0x24 CMakeFiles/STM32F4_mp3_player.elf.dir/Core/Src/AUDIO.c.obj
                0x080003dc                AUDIO_OUT_Pause
 .text.AUDIO_OUT_Resume
                0x08000400       0x24 CMakeFiles/STM32F4_mp3_player.elf.dir/Core/Src/AUDIO.c.obj
                0x08000400                AUDIO_OUT_Resume
 .text.AUDIO_OUT_Stop
                0x08000424       0x44 CMakeFiles/STM32F4_mp3_player.elf.dir/Core/Src/AUDIO.c.obj
                0x08000424                AUDIO_OUT_Stop
 .text.AUDIO_OUT_SetVolume
                0x08000468       0x1c CMakeFiles/STM32F4_mp3_player.elf.dir/Core/Src/AUDIO.c.obj
                0x08000468                AUDIO_OUT_SetVolume
 .text.AUDIO_OUT_ClockConfig
                0x08000484       0x74 CMakeFiles/STM32F4_mp3_player.elf.dir/Core/Src/AUDIO.c.obj
                0x08000484                AUDIO_OUT_ClockConfig
 .text.AUDIO_OUT_MspInit
                0x080004f8      0x11c CMakeFiles/STM32F4_mp3_player.elf.dir/Core/Src/AUDIO.c.obj
                0x080004f8                AUDIO_OUT_MspInit
 .text.AUDIO_OUT_Init
                0x08000614       0x78 CMakeFiles/STM32F4_mp3_player.elf.dir/Core/Src/AUDIO.c.obj
                0x08000614                AUDIO_OUT_Init
 .text.HAL_I2S_TxCpltCallback
                0x0800068c       0x18 CMakeFiles/STM32F4_mp3_player.elf.dir/Core/Src/AUDIO.c.obj
                0x0800068c                HAL_I2S_TxCpltCallback
 .text.HAL_I2S_TxHalfCpltCallback
                0x080006a4       0x18 CMakeFiles/STM32F4_mp3_player.elf.dir/Core/Src/AUDIO.c.obj
                0x080006a4                HAL_I2S_TxHalfCpltCallback
 .text.AUDIO_OUT_Error_CallBack
                0x080006bc        0x2 CMakeFiles/STM32F4_mp3_player.elf.dir/Core/Src/AUDIO.c.obj
                0x080006bc                AUDIO_OUT_Error_CallBack
 *fill*         0x080006be        0x2 
 .text.HAL_I2S_ErrorCallback
                0x080006c0       0x18 CMakeFiles/STM32F4_mp3_player.elf.dir/Core/Src/AUDIO.c.obj
                0x080006c0                HAL_I2S_ErrorCallback
 .text.I2Cx_MspInit
                0x080006d8       0x88 CMakeFiles/STM32F4_mp3_player.elf.dir/Core/Src/AUDIO_LINK.c.obj
 .text.I2Cx_Init
                0x08000760       0x48 CMakeFiles/STM32F4_mp3_player.elf.dir/Core/Src/AUDIO_LINK.c.obj
 .text.I2Cx_Error
                0x080007a8       0x14 CMakeFiles/STM32F4_mp3_player.elf.dir/Core/Src/AUDIO_LINK.c.obj
 .text.I2Cx_WriteData
                0x080007bc       0x38 CMakeFiles/STM32F4_mp3_player.elf.dir/Core/Src/AUDIO_LINK.c.obj
 .text.I2Cx_ReadData
                0x080007f4       0x40 CMakeFiles/STM32F4_mp3_player.elf.dir/Core/Src/AUDIO_LINK.c.obj
 .text.AUDIO_IO_Init
                0x08000834       0x64 CMakeFiles/STM32F4_mp3_player.elf.dir/Core/Src/AUDIO_LINK.c.obj
                0x08000834                AUDIO_IO_Init
 .text.AUDIO_IO_DeInit
                0x08000898        0x2 CMakeFiles/STM32F4_mp3_player.elf.dir/Core/Src/AUDIO_LINK.c.obj
                0x08000898                AUDIO_IO_DeInit
 .text.AUDIO_IO_Write
                0x0800089a        0x8 CMakeFiles/STM32F4_mp3_player.elf.dir/Core/Src/AUDIO_LINK.c.obj
                0x0800089a                AUDIO_IO_Write
 .text.AUDIO_IO_Read
                0x080008a2        0x8 CMakeFiles/STM32F4_mp3_player.elf.dir/Core/Src/AUDIO_LINK.c.obj
                0x080008a2                AUDIO_IO_Read
 *fill*         0x080008aa        0x2 
 .text.AUDIO_StorageParse
                0x080008ac       0xc8 CMakeFiles/STM32F4_mp3_player.elf.dir/Core/Src/File_Handling.c.obj
                0x080008ac                AUDIO_StorageParse
 .text.AUDIO_GetWavObjectNumber
                0x08000974       0x14 CMakeFiles/STM32F4_mp3_player.elf.dir/Core/Src/File_Handling.c.obj
                0x08000974                AUDIO_GetWavObjectNumber
 .text.Mount_USB
                0x08000988       0x20 CMakeFiles/STM32F4_mp3_player.elf.dir/Core/Src/File_Handling.c.obj
                0x08000988                Mount_USB
 .text.cs43l22_SetFrequency
                0x080009a8        0x4 CMakeFiles/STM32F4_mp3_player.elf.dir/Core/Src/cs43l22.c.obj
                0x080009a8                cs43l22_SetFrequency
 .text.cs43l22_Reset
                0x080009ac        0x4 CMakeFiles/STM32F4_mp3_player.elf.dir/Core/Src/cs43l22.c.obj
                0x080009ac                cs43l22_Reset
 .text.CODEC_IO_Write
                0x080009b0        0xa CMakeFiles/STM32F4_mp3_player.elf.dir/Core/Src/cs43l22.c.obj
 *fill*         0x080009ba        0x2 
 .text.cs43l22_SetVolume
                0x080009bc       0x64 CMakeFiles/STM32F4_mp3_player.elf.dir/Core/Src/cs43l22.c.obj
                0x080009bc                cs43l22_SetVolume
 .text.cs43l22_Init
                0x08000a20       0xfc CMakeFiles/STM32F4_mp3_player.elf.dir/Core/Src/cs43l22.c.obj
                0x08000a20                cs43l22_Init
 .text.cs43l22_SetMute
                0x08000b1c       0x5c CMakeFiles/STM32F4_mp3_player.elf.dir/Core/Src/cs43l22.c.obj
                0x08000b1c                cs43l22_SetMute
 .text.cs43l22_Play
                0x08000b78       0x40 CMakeFiles/STM32F4_mp3_player.elf.dir/Core/Src/cs43l22.c.obj
                0x08000b78                cs43l22_Play
 .text.cs43l22_Pause
                0x08000bb8       0x1a CMakeFiles/STM32F4_mp3_player.elf.dir/Core/Src/cs43l22.c.obj
                0x08000bb8                cs43l22_Pause
 *fill*         0x08000bd2        0x2 
 .text.cs43l22_Resume
                0x08000bd4       0x48 CMakeFiles/STM32F4_mp3_player.elf.dir/Core/Src/cs43l22.c.obj
                0x08000bd4                cs43l22_Resume
 .text.cs43l22_Stop
                0x08000c1c       0x34 CMakeFiles/STM32F4_mp3_player.elf.dir/Core/Src/cs43l22.c.obj
                0x08000c1c                cs43l22_Stop
 .text.cs43l22_SetOutputMode
                0x08000c50       0x70 CMakeFiles/STM32F4_mp3_player.elf.dir/Core/Src/cs43l22.c.obj
                0x08000c50                cs43l22_SetOutputMode
 .text.cs43l22_DeInit
                0x08000cc0        0x8 CMakeFiles/STM32F4_mp3_player.elf.dir/Core/Src/cs43l22.c.obj
                0x08000cc0                cs43l22_DeInit
 .text.cs43l22_ReadID
                0x08000cc8       0x16 CMakeFiles/STM32F4_mp3_player.elf.dir/Core/Src/cs43l22.c.obj
                0x08000cc8                cs43l22_ReadID
 *fill*         0x08000cde        0x2 
 .text.MX_GPIO_Init
                0x08000ce0       0xcc CMakeFiles/STM32F4_mp3_player.elf.dir/Core/Src/main.c.obj
 .text.MX_DMA_Init
                0x08000dac       0x34 CMakeFiles/STM32F4_mp3_player.elf.dir/Core/Src/main.c.obj
 .text.HAL_GPIO_EXTI_Callback
                0x08000de0       0x2c CMakeFiles/STM32F4_mp3_player.elf.dir/Core/Src/main.c.obj
                0x08000de0                HAL_GPIO_EXTI_Callback
 .text.Error_Handler
                0x08000e0c        0x4 CMakeFiles/STM32F4_mp3_player.elf.dir/Core/Src/main.c.obj
                0x08000e0c                Error_Handler
 .text.MX_I2C1_Init
                0x08000e10       0x38 CMakeFiles/STM32F4_mp3_player.elf.dir/Core/Src/main.c.obj
 .text.MX_I2S3_Init
                0x08000e48       0x38 CMakeFiles/STM32F4_mp3_player.elf.dir/Core/Src/main.c.obj
 .text.SystemClock_Config
                0x08000e80       0xa4 CMakeFiles/STM32F4_mp3_player.elf.dir/Core/Src/main.c.obj
                0x08000e80                SystemClock_Config
 .text.main     0x08000f24       0x64 CMakeFiles/STM32F4_mp3_player.elf.dir/Core/Src/main.c.obj
                0x08000f24                main
 .text.HAL_MspInit
                0x08000f88       0x38 CMakeFiles/STM32F4_mp3_player.elf.dir/Core/Src/stm32f4xx_hal_msp.c.obj
                0x08000f88                HAL_MspInit
 .text.HAL_I2C_MspInit
                0x08000fc0       0x70 CMakeFiles/STM32F4_mp3_player.elf.dir/Core/Src/stm32f4xx_hal_msp.c.obj
                0x08000fc0                HAL_I2C_MspInit
 .text.HAL_I2C_MspDeInit
                0x08001030       0x38 CMakeFiles/STM32F4_mp3_player.elf.dir/Core/Src/stm32f4xx_hal_msp.c.obj
                0x08001030                HAL_I2C_MspDeInit
 .text.HAL_I2S_MspInit
                0x08001068      0x118 CMakeFiles/STM32F4_mp3_player.elf.dir/Core/Src/stm32f4xx_hal_msp.c.obj
                0x08001068                HAL_I2S_MspInit
 .text.NMI_Handler
                0x08001180        0x2 CMakeFiles/STM32F4_mp3_player.elf.dir/Core/Src/stm32f4xx_it.c.obj
                0x08001180                NMI_Handler
 .text.HardFault_Handler
                0x08001182        0x2 CMakeFiles/STM32F4_mp3_player.elf.dir/Core/Src/stm32f4xx_it.c.obj
                0x08001182                HardFault_Handler
 .text.MemManage_Handler
                0x08001184        0x2 CMakeFiles/STM32F4_mp3_player.elf.dir/Core/Src/stm32f4xx_it.c.obj
                0x08001184                MemManage_Handler
 .text.BusFault_Handler
                0x08001186        0x2 CMakeFiles/STM32F4_mp3_player.elf.dir/Core/Src/stm32f4xx_it.c.obj
                0x08001186                BusFault_Handler
 .text.UsageFault_Handler
                0x08001188        0x2 CMakeFiles/STM32F4_mp3_player.elf.dir/Core/Src/stm32f4xx_it.c.obj
                0x08001188                UsageFault_Handler
 .text.SVC_Handler
                0x0800118a        0x2 CMakeFiles/STM32F4_mp3_player.elf.dir/Core/Src/stm32f4xx_it.c.obj
                0x0800118a                SVC_Handler
 .text.DebugMon_Handler
                0x0800118c        0x2 CMakeFiles/STM32F4_mp3_player.elf.dir/Core/Src/stm32f4xx_it.c.obj
                0x0800118c                DebugMon_Handler
 .text.PendSV_Handler
                0x0800118e        0x2 CMakeFiles/STM32F4_mp3_player.elf.dir/Core/Src/stm32f4xx_it.c.obj
                0x0800118e                PendSV_Handler
 .text.SysTick_Handler
                0x08001190        0x8 CMakeFiles/STM32F4_mp3_player.elf.dir/Core/Src/stm32f4xx_it.c.obj
                0x08001190                SysTick_Handler
 .text.EXTI0_IRQHandler
                0x08001198        0xa CMakeFiles/STM32F4_mp3_player.elf.dir/Core/Src/stm32f4xx_it.c.obj
                0x08001198                EXTI0_IRQHandler
 *fill*         0x080011a2        0x2 
 .text.DMA1_Stream5_IRQHandler
                0x080011a4       0x10 CMakeFiles/STM32F4_mp3_player.elf.dir/Core/Src/stm32f4xx_it.c.obj
                0x080011a4                DMA1_Stream5_IRQHandler
 .text.OTG_FS_IRQHandler
                0x080011b4       0x10 CMakeFiles/STM32F4_mp3_player.elf.dir/Core/Src/stm32f4xx_it.c.obj
                0x080011b4                OTG_FS_IRQHandler
 .text._sbrk    0x080011c4       0x48 CMakeFiles/STM32F4_mp3_player.elf.dir/Core/Src/sysmem.c.obj
                0x080011c4                _sbrk
 .text.SystemInit
                0x0800120c        0x2 CMakeFiles/STM32F4_mp3_player.elf.dir/Core/Src/system_stm32f4xx.c.obj
                0x0800120c                SystemInit
 *fill*         0x0800120e        0x2 
 .text.PlayerInit
                0x08001210       0x18 CMakeFiles/STM32F4_mp3_player.elf.dir/Core/Src/waveplayer.c.obj
                0x08001210                PlayerInit
 .text.AUDIO_PLAYER_Start
                0x08001228       0xa4 CMakeFiles/STM32F4_mp3_player.elf.dir/Core/Src/waveplayer.c.obj
                0x08001228                AUDIO_PLAYER_Start
 .text.AUDIO_PLAYER_Process
                0x080012cc      0x1a0 CMakeFiles/STM32F4_mp3_player.elf.dir/Core/Src/waveplayer.c.obj
                0x080012cc                AUDIO_PLAYER_Process
 .text.AUDIO_OUT_TransferComplete_CallBack
                0x0800146c       0x1c CMakeFiles/STM32F4_mp3_player.elf.dir/Core/Src/waveplayer.c.obj
                0x0800146c                AUDIO_OUT_TransferComplete_CallBack
 .text.AUDIO_OUT_HalfTransfer_CallBack
                0x08001488       0x1c CMakeFiles/STM32F4_mp3_player.elf.dir/Core/Src/waveplayer.c.obj
                0x08001488                AUDIO_OUT_HalfTransfer_CallBack
 .text.Reset_Handler
                0x080014a4       0x50 CMakeFiles/STM32F4_mp3_player.elf.dir/Core/Startup/startup_stm32f411vetx.s.obj
                0x080014a4                Reset_Handler
 .text.Default_Handler
                0x080014f4        0x2 CMakeFiles/STM32F4_mp3_player.elf.dir/Core/Startup/startup_stm32f411vetx.s.obj
                0x080014f4                DMA1_Stream3_IRQHandler
                0x080014f4                EXTI2_IRQHandler
                0x080014f4                SPI4_IRQHandler
                0x080014f4                TIM1_CC_IRQHandler
                0x080014f4                DMA2_Stream5_IRQHandler
                0x080014f4                PVD_IRQHandler
                0x080014f4                SDIO_IRQHandler
                0x080014f4                TAMP_STAMP_IRQHandler
                0x080014f4                EXTI3_IRQHandler
                0x080014f4                TIM1_UP_TIM10_IRQHandler
                0x080014f4                I2C3_ER_IRQHandler
                0x080014f4                I2C2_EV_IRQHandler
                0x080014f4                DMA1_Stream2_IRQHandler
                0x080014f4                FPU_IRQHandler
                0x080014f4                DMA2_Stream2_IRQHandler
                0x080014f4                SPI1_IRQHandler
                0x080014f4                TIM1_BRK_TIM9_IRQHandler
                0x080014f4                DMA2_Stream3_IRQHandler
                0x080014f4                USART6_IRQHandler
                0x080014f4                DMA2_Stream0_IRQHandler
                0x080014f4                TIM4_IRQHandler
                0x080014f4                I2C1_EV_IRQHandler
                0x080014f4                DMA1_Stream6_IRQHandler
                0x080014f4                DMA1_Stream1_IRQHandler
                0x080014f4                TIM3_IRQHandler
                0x080014f4                RCC_IRQHandler
                0x080014f4                Default_Handler
                0x080014f4                EXTI15_10_IRQHandler
                0x080014f4                ADC_IRQHandler
                0x080014f4                DMA1_Stream7_IRQHandler
                0x080014f4                SPI5_IRQHandler
                0x080014f4                TIM5_IRQHandler
                0x080014f4                DMA2_Stream7_IRQHandler
                0x080014f4                I2C3_EV_IRQHandler
                0x080014f4                EXTI9_5_IRQHandler
                0x080014f4                RTC_WKUP_IRQHandler
                0x080014f4                SPI2_IRQHandler
                0x080014f4                DMA1_Stream0_IRQHandler
                0x080014f4                EXTI4_IRQHandler
                0x080014f4                WWDG_IRQHandler
                0x080014f4                TIM2_IRQHandler
                0x080014f4                OTG_FS_WKUP_IRQHandler
                0x080014f4                TIM1_TRG_COM_TIM11_IRQHandler
                0x080014f4                EXTI1_IRQHandler
                0x080014f4                USART2_IRQHandler
                0x080014f4                I2C2_ER_IRQHandler
                0x080014f4                DMA2_Stream1_IRQHandler
                0x080014f4                FLASH_IRQHandler
                0x080014f4                DMA2_Stream4_IRQHandler
                0x080014f4                USART1_IRQHandler
                0x080014f4                SPI3_IRQHandler
                0x080014f4                DMA1_Stream4_IRQHandler
                0x080014f4                I2C1_ER_IRQHandler
                0x080014f4                DMA2_Stream6_IRQHandler
                0x080014f4                RTC_Alarm_IRQHandler
 *fill*         0x080014f6        0x2 
 .text.HAL_InitTick
                0x080014f8       0x4c CMakeFiles/STM32F4_mp3_player.elf.dir/Drivers/STM32F4xx_HAL_Driver/Src/stm32f4xx_hal.c.obj
                0x080014f8                HAL_InitTick
 .text.HAL_Init
                0x08001544       0x34 CMakeFiles/STM32F4_mp3_player.elf.dir/Drivers/STM32F4xx_HAL_Driver/Src/stm32f4xx_hal.c.obj
                0x08001544                HAL_Init
 .text.HAL_IncTick
                0x08001578       0x18 CMakeFiles/STM32F4_mp3_player.elf.dir/Drivers/STM32F4xx_HAL_Driver/Src/stm32f4xx_hal.c.obj
                0x08001578                HAL_IncTick
 .text.HAL_GetTick
                0x08001590        0xc CMakeFiles/STM32F4_mp3_player.elf.dir/Drivers/STM32F4xx_HAL_Driver/Src/stm32f4xx_hal.c.obj
                0x08001590                HAL_GetTick
 .text.HAL_Delay
                0x0800159c       0x28 CMakeFiles/STM32F4_mp3_player.elf.dir/Drivers/STM32F4xx_HAL_Driver/Src/stm32f4xx_hal.c.obj
                0x0800159c                HAL_Delay
 .text.__NVIC_SetPriority
                0x080015c4       0x28 CMakeFiles/STM32F4_mp3_player.elf.dir/Drivers/STM32F4xx_HAL_Driver/Src/stm32f4xx_hal_cortex.c.obj
 .text.NVIC_EncodePriority
                0x080015ec       0x3e CMakeFiles/STM32F4_mp3_player.elf.dir/Drivers/STM32F4xx_HAL_Driver/Src/stm32f4xx_hal_cortex.c.obj
 *fill*         0x0800162a        0x2 
 .text.HAL_NVIC_SetPriorityGrouping
                0x0800162c       0x24 CMakeFiles/STM32F4_mp3_player.elf.dir/Drivers/STM32F4xx_HAL_Driver/Src/stm32f4xx_hal_cortex.c.obj
                0x0800162c                HAL_NVIC_SetPriorityGrouping
 .text.HAL_NVIC_SetPriority
                0x08001650       0x20 CMakeFiles/STM32F4_mp3_player.elf.dir/Drivers/STM32F4xx_HAL_Driver/Src/stm32f4xx_hal_cortex.c.obj
                0x08001650                HAL_NVIC_SetPriority
 .text.HAL_NVIC_EnableIRQ
                0x08001670       0x1c CMakeFiles/STM32F4_mp3_player.elf.dir/Drivers/STM32F4xx_HAL_Driver/Src/stm32f4xx_hal_cortex.c.obj
                0x08001670                HAL_NVIC_EnableIRQ
 .text.HAL_SYSTICK_Config
                0x0800168c       0x28 CMakeFiles/STM32F4_mp3_player.elf.dir/Drivers/STM32F4xx_HAL_Driver/Src/stm32f4xx_hal_cortex.c.obj
                0x0800168c                HAL_SYSTICK_Config
 .text.DMA_SetConfig
                0x080016b4       0x2c CMakeFiles/STM32F4_mp3_player.elf.dir/Drivers/STM32F4xx_HAL_Driver/Src/stm32f4xx_hal_dma.c.obj
 .text.DMA_CalcBaseAndBitshift
                0x080016e0       0x40 CMakeFiles/STM32F4_mp3_player.elf.dir/Drivers/STM32F4xx_HAL_Driver/Src/stm32f4xx_hal_dma.c.obj
 .text.DMA_CheckFifoParam
                0x08001720       0x8e CMakeFiles/STM32F4_mp3_player.elf.dir/Drivers/STM32F4xx_HAL_Driver/Src/stm32f4xx_hal_dma.c.obj
 *fill*         0x080017ae        0x2 
 .text.HAL_DMA_Init
                0x080017b0       0xcc CMakeFiles/STM32F4_mp3_player.elf.dir/Drivers/STM32F4xx_HAL_Driver/Src/stm32f4xx_hal_dma.c.obj
                0x080017b0                HAL_DMA_Init
 .text.HAL_DMA_DeInit
                0x0800187c       0x64 CMakeFiles/STM32F4_mp3_player.elf.dir/Drivers/STM32F4xx_HAL_Driver/Src/stm32f4xx_hal_dma.c.obj
                0x0800187c                HAL_DMA_DeInit
 .text.HAL_DMA_Start_IT
                0x080018e0       0x6a CMakeFiles/STM32F4_mp3_player.elf.dir/Drivers/STM32F4xx_HAL_Driver/Src/stm32f4xx_hal_dma.c.obj
                0x080018e0                HAL_DMA_Start_IT
 .text.HAL_DMA_Abort
                0x0800194a       0x94 CMakeFiles/STM32F4_mp3_player.elf.dir/Drivers/STM32F4xx_HAL_Driver/Src/stm32f4xx_hal_dma.c.obj
                0x0800194a                HAL_DMA_Abort
 *fill*         0x080019de        0x2 
 .text.HAL_DMA_IRQHandler
                0x080019e0      0x1dc CMakeFiles/STM32F4_mp3_player.elf.dir/Drivers/STM32F4xx_HAL_Driver/Src/stm32f4xx_hal_dma.c.obj
                0x080019e0                HAL_DMA_IRQHandler
 .text.HAL_GPIO_Init
                0x08001bbc      0x1d0 CMakeFiles/STM32F4_mp3_player.elf.dir/Drivers/STM32F4xx_HAL_Driver/Src/stm32f4xx_hal_gpio.c.obj
                0x08001bbc                HAL_GPIO_Init
 .text.HAL_GPIO_DeInit
                0x08001d8c      0x110 CMakeFiles/STM32F4_mp3_player.elf.dir/Drivers/STM32F4xx_HAL_Driver/Src/stm32f4xx_hal_gpio.c.obj
                0x08001d8c                HAL_GPIO_DeInit
 .text.HAL_GPIO_WritePin
                0x08001e9c        0xc CMakeFiles/STM32F4_mp3_player.elf.dir/Drivers/STM32F4xx_HAL_Driver/Src/stm32f4xx_hal_gpio.c.obj
                0x08001e9c                HAL_GPIO_WritePin
 .text.HAL_GPIO_EXTI_IRQHandler
                0x08001ea8       0x1c CMakeFiles/STM32F4_mp3_player.elf.dir/Drivers/STM32F4xx_HAL_Driver/Src/stm32f4xx_hal_gpio.c.obj
                0x08001ea8                HAL_GPIO_EXTI_IRQHandler
 .text.HCD_RXQLVL_IRQHandler
                0x08001ec4       0x9e CMakeFiles/STM32F4_mp3_player.elf.dir/Drivers/STM32F4xx_HAL_Driver/Src/stm32f4xx_hal_hcd.c.obj
 .text.HAL_HCD_HC_Init
                0x08001f62       0x8e CMakeFiles/STM32F4_mp3_player.elf.dir/Drivers/STM32F4xx_HAL_Driver/Src/stm32f4xx_hal_hcd.c.obj
                0x08001f62                HAL_HCD_HC_Init
 .text.HAL_HCD_HC_Halt
                0x08001ff0       0x24 CMakeFiles/STM32F4_mp3_player.elf.dir/Drivers/STM32F4xx_HAL_Driver/Src/stm32f4xx_hal_hcd.c.obj
                0x08001ff0                HAL_HCD_HC_Halt
 .text.HAL_HCD_Init
                0x08002014       0xa4 CMakeFiles/STM32F4_mp3_player.elf.dir/Drivers/STM32F4xx_HAL_Driver/Src/stm32f4xx_hal_hcd.c.obj
                0x08002014                HAL_HCD_Init
 .text.HAL_HCD_HC_SubmitRequest
                0x080020b8      0x164 CMakeFiles/STM32F4_mp3_player.elf.dir/Drivers/STM32F4xx_HAL_Driver/Src/stm32f4xx_hal_hcd.c.obj
                0x080020b8                HAL_HCD_HC_SubmitRequest
 .text.HCD_Port_IRQHandler
                0x0800221c       0xb0 CMakeFiles/STM32F4_mp3_player.elf.dir/Drivers/STM32F4xx_HAL_Driver/Src/stm32f4xx_hal_hcd.c.obj
 .text.HCD_HC_IN_IRQHandler
                0x080022cc      0x2b2 CMakeFiles/STM32F4_mp3_player.elf.dir/Drivers/STM32F4xx_HAL_Driver/Src/stm32f4xx_hal_hcd.c.obj
 .text.HCD_HC_OUT_IRQHandler
                0x0800257e      0x2c2 CMakeFiles/STM32F4_mp3_player.elf.dir/Drivers/STM32F4xx_HAL_Driver/Src/stm32f4xx_hal_hcd.c.obj
 .text.HAL_HCD_IRQHandler
                0x08002840      0x154 CMakeFiles/STM32F4_mp3_player.elf.dir/Drivers/STM32F4xx_HAL_Driver/Src/stm32f4xx_hal_hcd.c.obj
                0x08002840                HAL_HCD_IRQHandler
 .text.HAL_HCD_Start
                0x08002994       0x2a CMakeFiles/STM32F4_mp3_player.elf.dir/Drivers/STM32F4xx_HAL_Driver/Src/stm32f4xx_hal_hcd.c.obj
                0x08002994                HAL_HCD_Start
 .text.HAL_HCD_Stop
                0x080029be       0x24 CMakeFiles/STM32F4_mp3_player.elf.dir/Drivers/STM32F4xx_HAL_Driver/Src/stm32f4xx_hal_hcd.c.obj
                0x080029be                HAL_HCD_Stop
 .text.HAL_HCD_ResetPort
                0x080029e2        0xa CMakeFiles/STM32F4_mp3_player.elf.dir/Drivers/STM32F4xx_HAL_Driver/Src/stm32f4xx_hal_hcd.c.obj
                0x080029e2                HAL_HCD_ResetPort
 .text.HAL_HCD_HC_GetURBState
                0x080029ec        0xc CMakeFiles/STM32F4_mp3_player.elf.dir/Drivers/STM32F4xx_HAL_Driver/Src/stm32f4xx_hal_hcd.c.obj
                0x080029ec                HAL_HCD_HC_GetURBState
 .text.HAL_HCD_HC_GetXferCount
                0x080029f8        0xa CMakeFiles/STM32F4_mp3_player.elf.dir/Drivers/STM32F4xx_HAL_Driver/Src/stm32f4xx_hal_hcd.c.obj
                0x080029f8                HAL_HCD_HC_GetXferCount
 .text.HAL_HCD_GetCurrentFrame
                0x08002a02        0xa CMakeFiles/STM32F4_mp3_player.elf.dir/Drivers/STM32F4xx_HAL_Driver/Src/stm32f4xx_hal_hcd.c.obj
                0x08002a02                HAL_HCD_GetCurrentFrame
 .text.HAL_HCD_GetCurrentSpeed
                0x08002a0c        0xa CMakeFiles/STM32F4_mp3_player.elf.dir/Drivers/STM32F4xx_HAL_Driver/Src/stm32f4xx_hal_hcd.c.obj
                0x08002a0c                HAL_HCD_GetCurrentSpeed
 .text.I2C_IsAcknowledgeFailed
                0x08002a16       0x32 CMakeFiles/STM32F4_mp3_player.elf.dir/Drivers/STM32F4xx_HAL_Driver/Src/stm32f4xx_hal_i2c.c.obj
 .text.I2C_WaitOnFlagUntilTimeout
                0x08002a48       0x7c CMakeFiles/STM32F4_mp3_player.elf.dir/Drivers/STM32F4xx_HAL_Driver/Src/stm32f4xx_hal_i2c.c.obj
 .text.I2C_WaitOnMasterAddressFlagUntilTimeout
                0x08002ac4       0xaa CMakeFiles/STM32F4_mp3_player.elf.dir/Drivers/STM32F4xx_HAL_Driver/Src/stm32f4xx_hal_i2c.c.obj
 .text.I2C_WaitOnTXEFlagUntilTimeout
                0x08002b6e       0x54 CMakeFiles/STM32F4_mp3_player.elf.dir/Drivers/STM32F4xx_HAL_Driver/Src/stm32f4xx_hal_i2c.c.obj
 *fill*         0x08002bc2        0x2 
 .text.I2C_RequestMemoryWrite
                0x08002bc4       0xd8 CMakeFiles/STM32F4_mp3_player.elf.dir/Drivers/STM32F4xx_HAL_Driver/Src/stm32f4xx_hal_i2c.c.obj
 .text.I2C_RequestMemoryRead
                0x08002c9c      0x154 CMakeFiles/STM32F4_mp3_player.elf.dir/Drivers/STM32F4xx_HAL_Driver/Src/stm32f4xx_hal_i2c.c.obj
 .text.I2C_WaitOnBTFFlagUntilTimeout
                0x08002df0       0x54 CMakeFiles/STM32F4_mp3_player.elf.dir/Drivers/STM32F4xx_HAL_Driver/Src/stm32f4xx_hal_i2c.c.obj
 .text.I2C_WaitOnRXNEFlagUntilTimeout
                0x08002e44       0x6a CMakeFiles/STM32F4_mp3_player.elf.dir/Drivers/STM32F4xx_HAL_Driver/Src/stm32f4xx_hal_i2c.c.obj
 *fill*         0x08002eae        0x2 
 .text.HAL_I2C_Init
                0x08002eb0      0x1bc CMakeFiles/STM32F4_mp3_player.elf.dir/Drivers/STM32F4xx_HAL_Driver/Src/stm32f4xx_hal_i2c.c.obj
                0x08002eb0                HAL_I2C_Init
 .text.HAL_I2C_DeInit
                0x0800306c       0x32 CMakeFiles/STM32F4_mp3_player.elf.dir/Drivers/STM32F4xx_HAL_Driver/Src/stm32f4xx_hal_i2c.c.obj
                0x0800306c                HAL_I2C_DeInit
 *fill*         0x0800309e        0x2 
 .text.HAL_I2C_Mem_Write
                0x080030a0      0x164 CMakeFiles/STM32F4_mp3_player.elf.dir/Drivers/STM32F4xx_HAL_Driver/Src/stm32f4xx_hal_i2c.c.obj
                0x080030a0                HAL_I2C_Mem_Write
 .text.HAL_I2C_Mem_Read
                0x08003204      0x2e4 CMakeFiles/STM32F4_mp3_player.elf.dir/Drivers/STM32F4xx_HAL_Driver/Src/stm32f4xx_hal_i2c.c.obj
                0x08003204                HAL_I2C_Mem_Read
 .text.HAL_I2C_GetState
                0x080034e8        0x6 CMakeFiles/STM32F4_mp3_player.elf.dir/Drivers/STM32F4xx_HAL_Driver/Src/stm32f4xx_hal_i2c.c.obj
                0x080034e8                HAL_I2C_GetState
 .text.I2S_WaitFlagStateUntilTimeout
                0x080034ee       0x50 CMakeFiles/STM32F4_mp3_player.elf.dir/Drivers/STM32F4xx_HAL_Driver/Src/stm32f4xx_hal_i2s.c.obj
 *fill*         0x0800353e        0x2 
 .text.HAL_I2S_Init
                0x08003540      0x19c CMakeFiles/STM32F4_mp3_player.elf.dir/Drivers/STM32F4xx_HAL_Driver/Src/stm32f4xx_hal_i2s.c.obj
                0x08003540                HAL_I2S_Init
 .text.HAL_I2S_Transmit_DMA
                0x080036dc       0xdc CMakeFiles/STM32F4_mp3_player.elf.dir/Drivers/STM32F4xx_HAL_Driver/Src/stm32f4xx_hal_i2s.c.obj
                0x080036dc                HAL_I2S_Transmit_DMA
 .text.HAL_I2S_DMAPause
                0x080037b8       0x80 CMakeFiles/STM32F4_mp3_player.elf.dir/Drivers/STM32F4xx_HAL_Driver/Src/stm32f4xx_hal_i2s.c.obj
                0x080037b8                HAL_I2S_DMAPause
 .text.HAL_I2S_DMAResume
                0x08003838       0xb4 CMakeFiles/STM32F4_mp3_player.elf.dir/Drivers/STM32F4xx_HAL_Driver/Src/stm32f4xx_hal_i2s.c.obj
                0x08003838                HAL_I2S_DMAResume
 .text.HAL_I2S_DMAStop
                0x080038ec      0x244 CMakeFiles/STM32F4_mp3_player.elf.dir/Drivers/STM32F4xx_HAL_Driver/Src/stm32f4xx_hal_i2s.c.obj
                0x080038ec                HAL_I2S_DMAStop
 .text.I2S_DMATxHalfCplt
                0x08003b30        0xa CMakeFiles/STM32F4_mp3_player.elf.dir/Drivers/STM32F4xx_HAL_Driver/Src/stm32f4xx_hal_i2s.c.obj
 .text.I2S_Transmit_IT
                0x08003b3a       0x38 CMakeFiles/STM32F4_mp3_player.elf.dir/Drivers/STM32F4xx_HAL_Driver/Src/stm32f4xx_hal_i2s.c.obj
 .text.I2S_DMATxCplt
                0x08003b72       0x24 CMakeFiles/STM32F4_mp3_player.elf.dir/Drivers/STM32F4xx_HAL_Driver/Src/stm32f4xx_hal_i2s.c.obj
 .text.HAL_I2S_RxCpltCallback
                0x08003b96        0x2 CMakeFiles/STM32F4_mp3_player.elf.dir/Drivers/STM32F4xx_HAL_Driver/Src/stm32f4xx_hal_i2s.c.obj
                0x08003b96                HAL_I2S_RxCpltCallback
 .text.I2S_Receive_IT
                0x08003b98       0x38 CMakeFiles/STM32F4_mp3_player.elf.dir/Drivers/STM32F4xx_HAL_Driver/Src/stm32f4xx_hal_i2s.c.obj
 .text.I2S_IRQHandler
                0x08003bd0       0xd0 CMakeFiles/STM32F4_mp3_player.elf.dir/Drivers/STM32F4xx_HAL_Driver/Src/stm32f4xx_hal_i2s.c.obj
 .text.I2S_DMAError
                0x08003ca0       0x28 CMakeFiles/STM32F4_mp3_player.elf.dir/Drivers/STM32F4xx_HAL_Driver/Src/stm32f4xx_hal_i2s.c.obj
 .text.HAL_I2S_GetState
                0x08003cc8        0x6 CMakeFiles/STM32F4_mp3_player.elf.dir/Drivers/STM32F4xx_HAL_Driver/Src/stm32f4xx_hal_i2s.c.obj
                0x08003cc8                HAL_I2S_GetState
 .text.HAL_I2SEx_TxRxCpltCallback
                0x08003cce        0x2 CMakeFiles/STM32F4_mp3_player.elf.dir/Drivers/STM32F4xx_HAL_Driver/Src/stm32f4xx_hal_i2s_ex.c.obj
                0x08003cce                HAL_I2SEx_TxRxCpltCallback
 .text.I2SEx_TxISR_I2S
                0x08003cd0       0x3c CMakeFiles/STM32F4_mp3_player.elf.dir/Drivers/STM32F4xx_HAL_Driver/Src/stm32f4xx_hal_i2s_ex.c.obj
 .text.I2SEx_RxISR_I2SExt
                0x08003d0c       0x64 CMakeFiles/STM32F4_mp3_player.elf.dir/Drivers/STM32F4xx_HAL_Driver/Src/stm32f4xx_hal_i2s_ex.c.obj
 .text.I2SEx_TxISR_I2SExt
                0x08003d70       0x64 CMakeFiles/STM32F4_mp3_player.elf.dir/Drivers/STM32F4xx_HAL_Driver/Src/stm32f4xx_hal_i2s_ex.c.obj
 .text.I2SEx_RxISR_I2S
                0x08003dd4       0x3c CMakeFiles/STM32F4_mp3_player.elf.dir/Drivers/STM32F4xx_HAL_Driver/Src/stm32f4xx_hal_i2s_ex.c.obj
 .text.HAL_I2SEx_FullDuplex_IRQHandler
                0x08003e10      0x1d8 CMakeFiles/STM32F4_mp3_player.elf.dir/Drivers/STM32F4xx_HAL_Driver/Src/stm32f4xx_hal_i2s_ex.c.obj
                0x08003e10                HAL_I2SEx_FullDuplex_IRQHandler
 .text.HAL_RCC_OscConfig
                0x08003fe8      0x3f8 CMakeFiles/STM32F4_mp3_player.elf.dir/Drivers/STM32F4xx_HAL_Driver/Src/stm32f4xx_hal_rcc.c.obj
                0x08003fe8                HAL_RCC_OscConfig
 .text.HAL_RCC_GetSysClockFreq
                0x080043e0       0xa8 CMakeFiles/STM32F4_mp3_player.elf.dir/Drivers/STM32F4xx_HAL_Driver/Src/stm32f4xx_hal_rcc.c.obj
                0x080043e0                HAL_RCC_GetSysClockFreq
 .text.HAL_RCC_ClockConfig
                0x08004488      0x160 CMakeFiles/STM32F4_mp3_player.elf.dir/Drivers/STM32F4xx_HAL_Driver/Src/stm32f4xx_hal_rcc.c.obj
                0x08004488                HAL_RCC_ClockConfig
 .text.HAL_RCC_GetHCLKFreq
                0x080045e8        0xc CMakeFiles/STM32F4_mp3_player.elf.dir/Drivers/STM32F4xx_HAL_Driver/Src/stm32f4xx_hal_rcc.c.obj
                0x080045e8                HAL_RCC_GetHCLKFreq
 .text.HAL_RCC_GetPCLK1Freq
                0x080045f4       0x20 CMakeFiles/STM32F4_mp3_player.elf.dir/Drivers/STM32F4xx_HAL_Driver/Src/stm32f4xx_hal_rcc.c.obj
                0x080045f4                HAL_RCC_GetPCLK1Freq
 .text.HAL_RCCEx_PeriphCLKConfig
                0x08004614      0x170 CMakeFiles/STM32F4_mp3_player.elf.dir/Drivers/STM32F4xx_HAL_Driver/Src/stm32f4xx_hal_rcc_ex.c.obj
                0x08004614                HAL_RCCEx_PeriphCLKConfig
 .text.HAL_RCCEx_GetPeriphCLKConfig
                0x08004784       0x50 CMakeFiles/STM32F4_mp3_player.elf.dir/Drivers/STM32F4xx_HAL_Driver/Src/stm32f4xx_hal_rcc_ex.c.obj
                0x08004784                HAL_RCCEx_GetPeriphCLKConfig
 .text.HAL_RCCEx_GetPeriphCLKFreq
                0x080047d4       0x78 CMakeFiles/STM32F4_mp3_player.elf.dir/Drivers/STM32F4xx_HAL_Driver/Src/stm32f4xx_hal_rcc_ex.c.obj
                0x080047d4                HAL_RCCEx_GetPeriphCLKFreq
 .text.USB_CoreReset
                0x0800484c       0x50 CMakeFiles/STM32F4_mp3_player.elf.dir/Drivers/STM32F4xx_HAL_Driver/Src/stm32f4xx_ll_usb.c.obj
 .text.USB_CoreInit
                0x0800489c       0x8a CMakeFiles/STM32F4_mp3_player.elf.dir/Drivers/STM32F4xx_HAL_Driver/Src/stm32f4xx_ll_usb.c.obj
                0x0800489c                USB_CoreInit
 .text.USB_EnableGlobalInt
                0x08004926        0xc CMakeFiles/STM32F4_mp3_player.elf.dir/Drivers/STM32F4xx_HAL_Driver/Src/stm32f4xx_ll_usb.c.obj
                0x08004926                USB_EnableGlobalInt
 .text.USB_DisableGlobalInt
                0x08004932        0xc CMakeFiles/STM32F4_mp3_player.elf.dir/Drivers/STM32F4xx_HAL_Driver/Src/stm32f4xx_ll_usb.c.obj
                0x08004932                USB_DisableGlobalInt
 *fill*         0x0800493e        0x2 
 .text.USB_FlushTxFifo
                0x08004940       0x50 CMakeFiles/STM32F4_mp3_player.elf.dir/Drivers/STM32F4xx_HAL_Driver/Src/stm32f4xx_ll_usb.c.obj
                0x08004940                USB_FlushTxFifo
 .text.USB_FlushRxFifo
                0x08004990       0x4c CMakeFiles/STM32F4_mp3_player.elf.dir/Drivers/STM32F4xx_HAL_Driver/Src/stm32f4xx_ll_usb.c.obj
                0x08004990                USB_FlushRxFifo
 .text.USB_WritePacket
                0x080049dc       0x2e CMakeFiles/STM32F4_mp3_player.elf.dir/Drivers/STM32F4xx_HAL_Driver/Src/stm32f4xx_ll_usb.c.obj
                0x080049dc                USB_WritePacket
 .text.USB_ReadPacket
                0x08004a0a       0x46 CMakeFiles/STM32F4_mp3_player.elf.dir/Drivers/STM32F4xx_HAL_Driver/Src/stm32f4xx_ll_usb.c.obj
                0x08004a0a                USB_ReadPacket
 .text.USB_ReadInterrupts
                0x08004a50        0x8 CMakeFiles/STM32F4_mp3_player.elf.dir/Drivers/STM32F4xx_HAL_Driver/Src/stm32f4xx_ll_usb.c.obj
                0x08004a50                USB_ReadInterrupts
 .text.USB_GetMode
                0x08004a58        0x8 CMakeFiles/STM32F4_mp3_player.elf.dir/Drivers/STM32F4xx_HAL_Driver/Src/stm32f4xx_ll_usb.c.obj
                0x08004a58                USB_GetMode
 .text.USB_SetCurrentMode
                0x08004a60       0x62 CMakeFiles/STM32F4_mp3_player.elf.dir/Drivers/STM32F4xx_HAL_Driver/Src/stm32f4xx_ll_usb.c.obj
                0x08004a60                USB_SetCurrentMode
 *fill*         0x08004ac2        0x2 
 .text.USB_HostInit
                0x08004ac4       0xf8 CMakeFiles/STM32F4_mp3_player.elf.dir/Drivers/STM32F4xx_HAL_Driver/Src/stm32f4xx_ll_usb.c.obj
                0x08004ac4                USB_HostInit
 .text.USB_InitFSLSPClkSel
                0x08004bbc       0x3e CMakeFiles/STM32F4_mp3_player.elf.dir/Drivers/STM32F4xx_HAL_Driver/Src/stm32f4xx_ll_usb.c.obj
                0x08004bbc                USB_InitFSLSPClkSel
 .text.USB_ResetPort
                0x08004bfa       0x3e CMakeFiles/STM32F4_mp3_player.elf.dir/Drivers/STM32F4xx_HAL_Driver/Src/stm32f4xx_ll_usb.c.obj
                0x08004bfa                USB_ResetPort
 .text.USB_DriveVbus
                0x08004c38       0x46 CMakeFiles/STM32F4_mp3_player.elf.dir/Drivers/STM32F4xx_HAL_Driver/Src/stm32f4xx_ll_usb.c.obj
                0x08004c38                USB_DriveVbus
 .text.USB_GetHostSpeed
                0x08004c7e       0x16 CMakeFiles/STM32F4_mp3_player.elf.dir/Drivers/STM32F4xx_HAL_Driver/Src/stm32f4xx_ll_usb.c.obj
                0x08004c7e                USB_GetHostSpeed
 .text.USB_GetCurrentFrame
                0x08004c94        0xa CMakeFiles/STM32F4_mp3_player.elf.dir/Drivers/STM32F4xx_HAL_Driver/Src/stm32f4xx_ll_usb.c.obj
                0x08004c94                USB_GetCurrentFrame
 .text.USB_HC_Init
                0x08004c9e      0x126 CMakeFiles/STM32F4_mp3_player.elf.dir/Drivers/STM32F4xx_HAL_Driver/Src/stm32f4xx_ll_usb.c.obj
                0x08004c9e                USB_HC_Init
 .text.USB_HC_ReadInterrupt
                0x08004dc4        0xa CMakeFiles/STM32F4_mp3_player.elf.dir/Drivers/STM32F4xx_HAL_Driver/Src/stm32f4xx_ll_usb.c.obj
                0x08004dc4                USB_HC_ReadInterrupt
 .text.USB_HC_Halt
                0x08004dce       0xe4 CMakeFiles/STM32F4_mp3_player.elf.dir/Drivers/STM32F4xx_HAL_Driver/Src/stm32f4xx_ll_usb.c.obj
                0x08004dce                USB_HC_Halt
 *fill*         0x08004eb2        0x2 
 .text.USB_DoPing
                0x08004eb4       0x24 CMakeFiles/STM32F4_mp3_player.elf.dir/Drivers/STM32F4xx_HAL_Driver/Src/stm32f4xx_ll_usb.c.obj
                0x08004eb4                USB_DoPing
 .text.USB_HC_StartXfer
                0x08004ed8      0x168 CMakeFiles/STM32F4_mp3_player.elf.dir/Drivers/STM32F4xx_HAL_Driver/Src/stm32f4xx_ll_usb.c.obj
                0x08004ed8                USB_HC_StartXfer
 .text.USB_StopHost
                0x08005040       0x92 CMakeFiles/STM32F4_mp3_player.elf.dir/Drivers/STM32F4xx_HAL_Driver/Src/stm32f4xx_ll_usb.c.obj
                0x08005040                USB_StopHost
 *fill*         0x080050d2        0x2 
 .text.MX_FATFS_Init
                0x080050d4       0x1c CMakeFiles/STM32F4_mp3_player.elf.dir/FATFS/App/fatfs.c.obj
                0x080050d4                MX_FATFS_Init
 .text.get_fattime
                0x080050f0        0x4 CMakeFiles/STM32F4_mp3_player.elf.dir/FATFS/App/fatfs.c.obj
                0x080050f0                get_fattime
 .text.USBH_initialize
                0x080050f4        0x4 CMakeFiles/STM32F4_mp3_player.elf.dir/FATFS/Target/usbh_diskio.c.obj
                0x080050f4                USBH_initialize
 .text.USBH_status
                0x080050f8       0x18 CMakeFiles/STM32F4_mp3_player.elf.dir/FATFS/Target/usbh_diskio.c.obj
                0x080050f8                USBH_status
 .text.USBH_read
                0x08005110       0x48 CMakeFiles/STM32F4_mp3_player.elf.dir/FATFS/Target/usbh_diskio.c.obj
                0x08005110                USBH_read
 .text.USBH_ioctl
                0x08005158       0x6c CMakeFiles/STM32F4_mp3_player.elf.dir/FATFS/Target/usbh_diskio.c.obj
                0x08005158                USBH_ioctl
 .text.USBH_write
                0x080051c4       0x54 CMakeFiles/STM32F4_mp3_player.elf.dir/FATFS/Target/usbh_diskio.c.obj
                0x080051c4                USBH_write
 .text.USBH_MSC_SOFProcess
                0x08005218        0x4 CMakeFiles/STM32F4_mp3_player.elf.dir/Middlewares/ST/STM32_USB_Host_Library/Class/MSC/Src/usbh_msc.c.obj
 .text.USBH_MSC_Process
                0x0800521c      0x2a4 CMakeFiles/STM32F4_mp3_player.elf.dir/Middlewares/ST/STM32_USB_Host_Library/Class/MSC/Src/usbh_msc.c.obj
 .text.USBH_MSC_ClassRequest
                0x080054c0       0x72 CMakeFiles/STM32F4_mp3_player.elf.dir/Middlewares/ST/STM32_USB_Host_Library/Class/MSC/Src/usbh_msc.c.obj
 .text.USBH_MSC_InterfaceDeInit
                0x08005532       0x50 CMakeFiles/STM32F4_mp3_player.elf.dir/Middlewares/ST/STM32_USB_Host_Library/Class/MSC/Src/usbh_msc.c.obj
 .text.USBH_MSC_InterfaceInit
                0x08005582      0x142 CMakeFiles/STM32F4_mp3_player.elf.dir/Middlewares/ST/STM32_USB_Host_Library/Class/MSC/Src/usbh_msc.c.obj
 .text.USBH_MSC_RdWrProcess
                0x080056c4       0xf6 CMakeFiles/STM32F4_mp3_player.elf.dir/Middlewares/ST/STM32_USB_Host_Library/Class/MSC/Src/usbh_msc.c.obj
 .text.USBH_MSC_UnitIsReady
                0x080057ba       0x26 CMakeFiles/STM32F4_mp3_player.elf.dir/Middlewares/ST/STM32_USB_Host_Library/Class/MSC/Src/usbh_msc.c.obj
                0x080057ba                USBH_MSC_UnitIsReady
 .text.USBH_MSC_GetLUNInfo
                0x080057e0       0x4a CMakeFiles/STM32F4_mp3_player.elf.dir/Middlewares/ST/STM32_USB_Host_Library/Class/MSC/Src/usbh_msc.c.obj
                0x080057e0                USBH_MSC_GetLUNInfo
 .text.USBH_MSC_Read
                0x0800582a       0x96 CMakeFiles/STM32F4_mp3_player.elf.dir/Middlewares/ST/STM32_USB_Host_Library/Class/MSC/Src/usbh_msc.c.obj
                0x0800582a                USBH_MSC_Read
 .text.USBH_MSC_Write
                0x080058c0       0x96 CMakeFiles/STM32F4_mp3_player.elf.dir/Middlewares/ST/STM32_USB_Host_Library/Class/MSC/Src/usbh_msc.c.obj
                0x080058c0                USBH_MSC_Write
 *fill*         0x08005956        0x2 
 .text.USBH_MSC_DecodeCSW
                0x08005958       0x48 CMakeFiles/STM32F4_mp3_player.elf.dir/Middlewares/ST/STM32_USB_Host_Library/Class/MSC/Src/usbh_msc_bot.c.obj
 .text.USBH_MSC_BOT_Abort
                0x080059a0       0x22 CMakeFiles/STM32F4_mp3_player.elf.dir/Middlewares/ST/STM32_USB_Host_Library/Class/MSC/Src/usbh_msc_bot.c.obj
 .text.USBH_MSC_BOT_REQ_Reset
                0x080059c2       0x1a CMakeFiles/STM32F4_mp3_player.elf.dir/Middlewares/ST/STM32_USB_Host_Library/Class/MSC/Src/usbh_msc_bot.c.obj
                0x080059c2                USBH_MSC_BOT_REQ_Reset
 .text.USBH_MSC_BOT_REQ_GetMaxLUN
                0x080059dc       0x1a CMakeFiles/STM32F4_mp3_player.elf.dir/Middlewares/ST/STM32_USB_Host_Library/Class/MSC/Src/usbh_msc_bot.c.obj
                0x080059dc                USBH_MSC_BOT_REQ_GetMaxLUN
 *fill*         0x080059f6        0x2 
 .text.USBH_MSC_BOT_Init
                0x080059f8       0x24 CMakeFiles/STM32F4_mp3_player.elf.dir/Middlewares/ST/STM32_USB_Host_Library/Class/MSC/Src/usbh_msc_bot.c.obj
                0x080059f8                USBH_MSC_BOT_Init
 .text.USBH_MSC_BOT_Process
                0x08005a1c      0x256 CMakeFiles/STM32F4_mp3_player.elf.dir/Middlewares/ST/STM32_USB_Host_Library/Class/MSC/Src/usbh_msc_bot.c.obj
                0x08005a1c                USBH_MSC_BOT_Process
 .text.USBH_MSC_SCSI_TestUnitReady
                0x08005c72       0x4e CMakeFiles/STM32F4_mp3_player.elf.dir/Middlewares/ST/STM32_USB_Host_Library/Class/MSC/Src/usbh_msc_scsi.c.obj
                0x08005c72                USBH_MSC_SCSI_TestUnitReady
 .text.USBH_MSC_SCSI_ReadCapacity
                0x08005cc0       0x8e CMakeFiles/STM32F4_mp3_player.elf.dir/Middlewares/ST/STM32_USB_Host_Library/Class/MSC/Src/usbh_msc_scsi.c.obj
                0x08005cc0                USBH_MSC_SCSI_ReadCapacity
 .text.USBH_MSC_SCSI_Inquiry
                0x08005d4e       0xcc CMakeFiles/STM32F4_mp3_player.elf.dir/Middlewares/ST/STM32_USB_Host_Library/Class/MSC/Src/usbh_msc_scsi.c.obj
                0x08005d4e                USBH_MSC_SCSI_Inquiry
 .text.USBH_MSC_SCSI_RequestSense
                0x08005e1a       0x8c CMakeFiles/STM32F4_mp3_player.elf.dir/Middlewares/ST/STM32_USB_Host_Library/Class/MSC/Src/usbh_msc_scsi.c.obj
                0x08005e1a                USBH_MSC_SCSI_RequestSense
 .text.USBH_MSC_SCSI_Write
                0x08005ea6       0x8c CMakeFiles/STM32F4_mp3_player.elf.dir/Middlewares/ST/STM32_USB_Host_Library/Class/MSC/Src/usbh_msc_scsi.c.obj
                0x08005ea6                USBH_MSC_SCSI_Write
 .text.USBH_MSC_SCSI_Read
                0x08005f32       0x8c CMakeFiles/STM32F4_mp3_player.elf.dir/Middlewares/ST/STM32_USB_Host_Library/Class/MSC/Src/usbh_msc_scsi.c.obj
                0x08005f32                USBH_MSC_SCSI_Read
 .text.DeInitStateMachine
                0x08005fbe       0x62 CMakeFiles/STM32F4_mp3_player.elf.dir/Middlewares/ST/STM32_USB_Host_Library/Core/Src/usbh_core.c.obj
 .text.USBH_HandleSof
                0x08006020       0x1a CMakeFiles/STM32F4_mp3_player.elf.dir/Middlewares/ST/STM32_USB_Host_Library/Core/Src/usbh_core.c.obj
 .text.USBH_HandleEnum
                0x0800603a      0x26e CMakeFiles/STM32F4_mp3_player.elf.dir/Middlewares/ST/STM32_USB_Host_Library/Core/Src/usbh_core.c.obj
 .text.USBH_Init
                0x080062a8       0x3e CMakeFiles/STM32F4_mp3_player.elf.dir/Middlewares/ST/STM32_USB_Host_Library/Core/Src/usbh_core.c.obj
                0x080062a8                USBH_Init
 .text.USBH_RegisterClass
                0x080062e6       0x22 CMakeFiles/STM32F4_mp3_player.elf.dir/Middlewares/ST/STM32_USB_Host_Library/Core/Src/usbh_core.c.obj
                0x080062e6                USBH_RegisterClass
 .text.USBH_SelectInterface
                0x08006308       0x14 CMakeFiles/STM32F4_mp3_player.elf.dir/Middlewares/ST/STM32_USB_Host_Library/Core/Src/usbh_core.c.obj
                0x08006308                USBH_SelectInterface
 .text.USBH_FindInterface
                0x0800631c       0x54 CMakeFiles/STM32F4_mp3_player.elf.dir/Middlewares/ST/STM32_USB_Host_Library/Core/Src/usbh_core.c.obj
                0x0800631c                USBH_FindInterface
 .text.USBH_Start
                0x08006370       0x14 CMakeFiles/STM32F4_mp3_player.elf.dir/Middlewares/ST/STM32_USB_Host_Library/Core/Src/usbh_core.c.obj
                0x08006370                USBH_Start
 .text.USBH_Process
                0x08006384      0x28e CMakeFiles/STM32F4_mp3_player.elf.dir/Middlewares/ST/STM32_USB_Host_Library/Core/Src/usbh_core.c.obj
                0x08006384                USBH_Process
 .text.USBH_LL_SetTimer
                0x08006612        0x6 CMakeFiles/STM32F4_mp3_player.elf.dir/Middlewares/ST/STM32_USB_Host_Library/Core/Src/usbh_core.c.obj
                0x08006612                USBH_LL_SetTimer
 .text.USBH_LL_IncTimer
                0x08006618       0x12 CMakeFiles/STM32F4_mp3_player.elf.dir/Middlewares/ST/STM32_USB_Host_Library/Core/Src/usbh_core.c.obj
                0x08006618                USBH_LL_IncTimer
 .text.USBH_LL_PortEnabled
                0x0800662a        0x8 CMakeFiles/STM32F4_mp3_player.elf.dir/Middlewares/ST/STM32_USB_Host_Library/Core/Src/usbh_core.c.obj
                0x0800662a                USBH_LL_PortEnabled
 .text.USBH_LL_PortDisabled
                0x08006632        0x8 CMakeFiles/STM32F4_mp3_player.elf.dir/Middlewares/ST/STM32_USB_Host_Library/Core/Src/usbh_core.c.obj
                0x08006632                USBH_LL_PortDisabled
 .text.USBH_LL_Connect
                0x0800663a       0x14 CMakeFiles/STM32F4_mp3_player.elf.dir/Middlewares/ST/STM32_USB_Host_Library/Core/Src/usbh_core.c.obj
                0x0800663a                USBH_LL_Connect
 .text.USBH_LL_Disconnect
                0x0800664e       0x2c CMakeFiles/STM32F4_mp3_player.elf.dir/Middlewares/ST/STM32_USB_Host_Library/Core/Src/usbh_core.c.obj
                0x0800664e                USBH_LL_Disconnect
 *fill*         0x0800667a        0x2 
 .text.USBH_ParseDevDesc
                0x0800667c       0x80 CMakeFiles/STM32F4_mp3_player.elf.dir/Middlewares/ST/STM32_USB_Host_Library/Core/Src/usbh_ctlreq.c.obj
 .text.USBH_ParseInterfaceDesc
                0x080066fc       0x26 CMakeFiles/STM32F4_mp3_player.elf.dir/Middlewares/ST/STM32_USB_Host_Library/Core/Src/usbh_ctlreq.c.obj
 .text.USBH_ParseEPDesc
                0x08006722       0x98 CMakeFiles/STM32F4_mp3_player.elf.dir/Middlewares/ST/STM32_USB_Host_Library/Core/Src/usbh_ctlreq.c.obj
 .text.USBH_ParseStringDesc
                0x080067ba       0x32 CMakeFiles/STM32F4_mp3_player.elf.dir/Middlewares/ST/STM32_USB_Host_Library/Core/Src/usbh_ctlreq.c.obj
 .text.USBH_HandleControl
                0x080067ec      0x1d8 CMakeFiles/STM32F4_mp3_player.elf.dir/Middlewares/ST/STM32_USB_Host_Library/Core/Src/usbh_ctlreq.c.obj
 .text.USBH_GetNextDesc
                0x080069c4        0xe CMakeFiles/STM32F4_mp3_player.elf.dir/Middlewares/ST/STM32_USB_Host_Library/Core/Src/usbh_ctlreq.c.obj
                0x080069c4                USBH_GetNextDesc
 .text.USBH_ParseCfgDesc
                0x080069d2      0x166 CMakeFiles/STM32F4_mp3_player.elf.dir/Middlewares/ST/STM32_USB_Host_Library/Core/Src/usbh_ctlreq.c.obj
 .text.USBH_CtlReq
                0x08006b38       0x40 CMakeFiles/STM32F4_mp3_player.elf.dir/Middlewares/ST/STM32_USB_Host_Library/Core/Src/usbh_ctlreq.c.obj
                0x08006b38                USBH_CtlReq
 .text.USBH_GetDescriptor
                0x08006b78       0x42 CMakeFiles/STM32F4_mp3_player.elf.dir/Middlewares/ST/STM32_USB_Host_Library/Core/Src/usbh_ctlreq.c.obj
                0x08006b78                USBH_GetDescriptor
 .text.USBH_Get_DevDesc
                0x08006bba       0x32 CMakeFiles/STM32F4_mp3_player.elf.dir/Middlewares/ST/STM32_USB_Host_Library/Core/Src/usbh_ctlreq.c.obj
                0x08006bba                USBH_Get_DevDesc
 .text.USBH_Get_CfgDesc
                0x08006bec       0x2c CMakeFiles/STM32F4_mp3_player.elf.dir/Middlewares/ST/STM32_USB_Host_Library/Core/Src/usbh_ctlreq.c.obj
                0x08006bec                USBH_Get_CfgDesc
 .text.USBH_Get_StringDesc
                0x08006c18       0x30 CMakeFiles/STM32F4_mp3_player.elf.dir/Middlewares/ST/STM32_USB_Host_Library/Core/Src/usbh_ctlreq.c.obj
                0x08006c18                USBH_Get_StringDesc
 .text.USBH_SetAddress
                0x08006c48       0x22 CMakeFiles/STM32F4_mp3_player.elf.dir/Middlewares/ST/STM32_USB_Host_Library/Core/Src/usbh_ctlreq.c.obj
                0x08006c48                USBH_SetAddress
 .text.USBH_SetCfg
                0x08006c6a       0x22 CMakeFiles/STM32F4_mp3_player.elf.dir/Middlewares/ST/STM32_USB_Host_Library/Core/Src/usbh_ctlreq.c.obj
                0x08006c6a                USBH_SetCfg
 .text.USBH_SetFeature
                0x08006c8c       0x22 CMakeFiles/STM32F4_mp3_player.elf.dir/Middlewares/ST/STM32_USB_Host_Library/Core/Src/usbh_ctlreq.c.obj
                0x08006c8c                USBH_SetFeature
 .text.USBH_ClrFeature
                0x08006cae       0x24 CMakeFiles/STM32F4_mp3_player.elf.dir/Middlewares/ST/STM32_USB_Host_Library/Core/Src/usbh_ctlreq.c.obj
                0x08006cae                USBH_ClrFeature
 .text.USBH_CtlSendSetup
                0x08006cd2       0x22 CMakeFiles/STM32F4_mp3_player.elf.dir/Middlewares/ST/STM32_USB_Host_Library/Core/Src/usbh_ioreq.c.obj
                0x08006cd2                USBH_CtlSendSetup
 .text.USBH_CtlSendData
                0x08006cf4       0x2c CMakeFiles/STM32F4_mp3_player.elf.dir/Middlewares/ST/STM32_USB_Host_Library/Core/Src/usbh_ioreq.c.obj
                0x08006cf4                USBH_CtlSendData
 .text.USBH_CtlReceiveData
                0x08006d20       0x20 CMakeFiles/STM32F4_mp3_player.elf.dir/Middlewares/ST/STM32_USB_Host_Library/Core/Src/usbh_ioreq.c.obj
                0x08006d20                USBH_CtlReceiveData
 .text.USBH_BulkSendData
                0x08006d40       0x2c CMakeFiles/STM32F4_mp3_player.elf.dir/Middlewares/ST/STM32_USB_Host_Library/Core/Src/usbh_ioreq.c.obj
                0x08006d40                USBH_BulkSendData
 .text.USBH_BulkReceiveData
                0x08006d6c       0x20 CMakeFiles/STM32F4_mp3_player.elf.dir/Middlewares/ST/STM32_USB_Host_Library/Core/Src/usbh_ioreq.c.obj
                0x08006d6c                USBH_BulkReceiveData
 .text.USBH_GetFreePipe
                0x08006d8c       0x26 CMakeFiles/STM32F4_mp3_player.elf.dir/Middlewares/ST/STM32_USB_Host_Library/Core/Src/usbh_pipes.c.obj
 .text.USBH_OpenPipe
                0x08006db2       0x20 CMakeFiles/STM32F4_mp3_player.elf.dir/Middlewares/ST/STM32_USB_Host_Library/Core/Src/usbh_pipes.c.obj
                0x08006db2                USBH_OpenPipe
 .text.USBH_ClosePipe
                0x08006dd2        0xa CMakeFiles/STM32F4_mp3_player.elf.dir/Middlewares/ST/STM32_USB_Host_Library/Core/Src/usbh_pipes.c.obj
                0x08006dd2                USBH_ClosePipe
 .text.USBH_AllocPipe
                0x08006ddc       0x26 CMakeFiles/STM32F4_mp3_player.elf.dir/Middlewares/ST/STM32_USB_Host_Library/Core/Src/usbh_pipes.c.obj
                0x08006ddc                USBH_AllocPipe
 .text.USBH_FreePipe
                0x08006e02       0x16 CMakeFiles/STM32F4_mp3_player.elf.dir/Middlewares/ST/STM32_USB_Host_Library/Core/Src/usbh_pipes.c.obj
                0x08006e02                USBH_FreePipe
 .text.disk_status
                0x08006e18       0x18 CMakeFiles/STM32F4_mp3_player.elf.dir/Middlewares/Third_Party/FatFs/src/diskio.c.obj
                0x08006e18                disk_status
 .text.disk_initialize
                0x08006e30       0x28 CMakeFiles/STM32F4_mp3_player.elf.dir/Middlewares/Third_Party/FatFs/src/diskio.c.obj
                0x08006e30                disk_initialize
 .text.disk_read
                0x08006e58       0x18 CMakeFiles/STM32F4_mp3_player.elf.dir/Middlewares/Third_Party/FatFs/src/diskio.c.obj
                0x08006e58                disk_read
 .text.disk_write
                0x08006e70       0x18 CMakeFiles/STM32F4_mp3_player.elf.dir/Middlewares/Third_Party/FatFs/src/diskio.c.obj
                0x08006e70                disk_write
 .text.disk_ioctl
                0x08006e88       0x18 CMakeFiles/STM32F4_mp3_player.elf.dir/Middlewares/Third_Party/FatFs/src/diskio.c.obj
                0x08006e88                disk_ioctl
 .text.ld_word  0x08006ea0        0xa CMakeFiles/STM32F4_mp3_player.elf.dir/Middlewares/Third_Party/FatFs/src/ff.c.obj
 .text.ld_dword
                0x08006eaa       0x16 CMakeFiles/STM32F4_mp3_player.elf.dir/Middlewares/Third_Party/FatFs/src/ff.c.obj
 .text.st_word  0x08006ec0        0x8 CMakeFiles/STM32F4_mp3_player.elf.dir/Middlewares/Third_Party/FatFs/src/ff.c.obj
 .text.st_dword
                0x08006ec8       0x14 CMakeFiles/STM32F4_mp3_player.elf.dir/Middlewares/Third_Party/FatFs/src/ff.c.obj
 .text.mem_cpy  0x08006edc       0x14 CMakeFiles/STM32F4_mp3_player.elf.dir/Middlewares/Third_Party/FatFs/src/ff.c.obj
 .text.mem_set  0x08006ef0        0xa CMakeFiles/STM32F4_mp3_player.elf.dir/Middlewares/Third_Party/FatFs/src/ff.c.obj
 .text.mem_cmp  0x08006efa       0x1a CMakeFiles/STM32F4_mp3_player.elf.dir/Middlewares/Third_Party/FatFs/src/ff.c.obj
 .text.chk_chr  0x08006f14       0x10 CMakeFiles/STM32F4_mp3_player.elf.dir/Middlewares/Third_Party/FatFs/src/ff.c.obj
 .text.chk_lock
                0x08006f24       0x74 CMakeFiles/STM32F4_mp3_player.elf.dir/Middlewares/Third_Party/FatFs/src/ff.c.obj
 .text.enq_lock
                0x08006f98       0x20 CMakeFiles/STM32F4_mp3_player.elf.dir/Middlewares/Third_Party/FatFs/src/ff.c.obj
 .text.inc_lock
                0x08006fb8       0xa4 CMakeFiles/STM32F4_mp3_player.elf.dir/Middlewares/Third_Party/FatFs/src/ff.c.obj
 .text.dec_lock
                0x0800705c       0x40 CMakeFiles/STM32F4_mp3_player.elf.dir/Middlewares/Third_Party/FatFs/src/ff.c.obj
 .text.clear_lock
                0x0800709c       0x38 CMakeFiles/STM32F4_mp3_player.elf.dir/Middlewares/Third_Party/FatFs/src/ff.c.obj
 .text.clust2sect
                0x080070d4       0x18 CMakeFiles/STM32F4_mp3_player.elf.dir/Middlewares/Third_Party/FatFs/src/ff.c.obj
 .text.clmt_clust
                0x080070ec       0x22 CMakeFiles/STM32F4_mp3_player.elf.dir/Middlewares/Third_Party/FatFs/src/ff.c.obj
 .text.ld_clust
                0x0800710e       0x26 CMakeFiles/STM32F4_mp3_player.elf.dir/Middlewares/Third_Party/FatFs/src/ff.c.obj
 .text.st_clust
                0x08007134       0x26 CMakeFiles/STM32F4_mp3_player.elf.dir/Middlewares/Third_Party/FatFs/src/ff.c.obj
 *fill*         0x0800715a        0x2 
 .text.pick_lfn
                0x0800715c       0x84 CMakeFiles/STM32F4_mp3_player.elf.dir/Middlewares/Third_Party/FatFs/src/ff.c.obj
 .text.put_lfn  0x080071e0       0x78 CMakeFiles/STM32F4_mp3_player.elf.dir/Middlewares/Third_Party/FatFs/src/ff.c.obj
 .text.gen_numname
                0x08007258       0xaa CMakeFiles/STM32F4_mp3_player.elf.dir/Middlewares/Third_Party/FatFs/src/ff.c.obj
 .text.sum_sfn  0x08007302       0x20 CMakeFiles/STM32F4_mp3_player.elf.dir/Middlewares/Third_Party/FatFs/src/ff.c.obj
 .text.get_ldnumber
                0x08007322       0x52 CMakeFiles/STM32F4_mp3_player.elf.dir/Middlewares/Third_Party/FatFs/src/ff.c.obj
 .text.validate
                0x08007374       0x46 CMakeFiles/STM32F4_mp3_player.elf.dir/Middlewares/Third_Party/FatFs/src/ff.c.obj
 .text.sync_window
                0x080073ba       0x54 CMakeFiles/STM32F4_mp3_player.elf.dir/Middlewares/Third_Party/FatFs/src/ff.c.obj
 .text.move_window
                0x0800740e       0x36 CMakeFiles/STM32F4_mp3_player.elf.dir/Middlewares/Third_Party/FatFs/src/ff.c.obj
 .text.check_fs
                0x08007444       0x78 CMakeFiles/STM32F4_mp3_player.elf.dir/Middlewares/Third_Party/FatFs/src/ff.c.obj
 .text.find_volume
                0x080074bc      0x308 CMakeFiles/STM32F4_mp3_player.elf.dir/Middlewares/Third_Party/FatFs/src/ff.c.obj
 .text.put_fat  0x080077c4      0x10c CMakeFiles/STM32F4_mp3_player.elf.dir/Middlewares/Third_Party/FatFs/src/ff.c.obj
 .text.get_fat  0x080078d0       0xd0 CMakeFiles/STM32F4_mp3_player.elf.dir/Middlewares/Third_Party/FatFs/src/ff.c.obj
 .text.dir_sdi  0x080079a0       0xac CMakeFiles/STM32F4_mp3_player.elf.dir/Middlewares/Third_Party/FatFs/src/ff.c.obj
 .text.create_chain
                0x08007a4c       0xcc CMakeFiles/STM32F4_mp3_player.elf.dir/Middlewares/Third_Party/FatFs/src/ff.c.obj
 .text.remove_chain
                0x08007b18       0x7e CMakeFiles/STM32F4_mp3_player.elf.dir/Middlewares/Third_Party/FatFs/src/ff.c.obj
 .text.dir_next
                0x08007b96      0x108 CMakeFiles/STM32F4_mp3_player.elf.dir/Middlewares/Third_Party/FatFs/src/ff.c.obj
 .text.dir_alloc
                0x08007c9e       0x50 CMakeFiles/STM32F4_mp3_player.elf.dir/Middlewares/Third_Party/FatFs/src/ff.c.obj
 .text.dir_read
                0x08007cee       0xbc CMakeFiles/STM32F4_mp3_player.elf.dir/Middlewares/Third_Party/FatFs/src/ff.c.obj
 *fill*         0x08007daa        0x2 
 .text.create_name
                0x08007dac      0x22c CMakeFiles/STM32F4_mp3_player.elf.dir/Middlewares/Third_Party/FatFs/src/ff.c.obj
 .text.get_fileinfo
                0x08007fd8       0xee CMakeFiles/STM32F4_mp3_player.elf.dir/Middlewares/Third_Party/FatFs/src/ff.c.obj
 *fill*         0x080080c6        0x2 
 .text.cmp_lfn  0x080080c8       0xa0 CMakeFiles/STM32F4_mp3_player.elf.dir/Middlewares/Third_Party/FatFs/src/ff.c.obj
 .text.dir_find
                0x08008168       0xe6 CMakeFiles/STM32F4_mp3_player.elf.dir/Middlewares/Third_Party/FatFs/src/ff.c.obj
 .text.follow_path
                0x0800824e       0x8c CMakeFiles/STM32F4_mp3_player.elf.dir/Middlewares/Third_Party/FatFs/src/ff.c.obj
 *fill*         0x080082da        0x2 
 .text.dir_register
                0x080082dc      0x140 CMakeFiles/STM32F4_mp3_player.elf.dir/Middlewares/Third_Party/FatFs/src/ff.c.obj
 .text.sync_fs  0x0800841c       0x8c CMakeFiles/STM32F4_mp3_player.elf.dir/Middlewares/Third_Party/FatFs/src/ff.c.obj
 .text.f_mount  0x080084a8       0x5c CMakeFiles/STM32F4_mp3_player.elf.dir/Middlewares/Third_Party/FatFs/src/ff.c.obj
                0x080084a8                f_mount
 .text.f_open   0x08008504      0x21c CMakeFiles/STM32F4_mp3_player.elf.dir/Middlewares/Third_Party/FatFs/src/ff.c.obj
                0x08008504                f_open
 .text.f_read   0x08008720      0x1c2 CMakeFiles/STM32F4_mp3_player.elf.dir/Middlewares/Third_Party/FatFs/src/ff.c.obj
                0x08008720                f_read
 .text.f_sync   0x080088e2       0x98 CMakeFiles/STM32F4_mp3_player.elf.dir/Middlewares/Third_Party/FatFs/src/ff.c.obj
                0x080088e2                f_sync
 .text.f_close  0x0800897a       0x2a CMakeFiles/STM32F4_mp3_player.elf.dir/Middlewares/Third_Party/FatFs/src/ff.c.obj
                0x0800897a                f_close
 .text.f_lseek  0x080089a4      0x288 CMakeFiles/STM32F4_mp3_player.elf.dir/Middlewares/Third_Party/FatFs/src/ff.c.obj
                0x080089a4                f_lseek
 .text.f_opendir
                0x08008c2c       0x8e CMakeFiles/STM32F4_mp3_player.elf.dir/Middlewares/Third_Party/FatFs/src/ff.c.obj
                0x08008c2c                f_opendir
 .text.f_closedir
                0x08008cba       0x24 CMakeFiles/STM32F4_mp3_player.elf.dir/Middlewares/Third_Party/FatFs/src/ff.c.obj
                0x08008cba                f_closedir
 .text.f_readdir
                0x08008cde       0x4e CMakeFiles/STM32F4_mp3_player.elf.dir/Middlewares/Third_Party/FatFs/src/ff.c.obj
                0x08008cde                f_readdir
 .text.FATFS_LinkDriverEx
                0x08008d2c       0x54 CMakeFiles/STM32F4_mp3_player.elf.dir/Middlewares/Third_Party/FatFs/src/ff_gen_drv.c.obj
                0x08008d2c                FATFS_LinkDriverEx
 .text.FATFS_LinkDriver
                0x08008d80        0xa CMakeFiles/STM32F4_mp3_player.elf.dir/Middlewares/Third_Party/FatFs/src/ff_gen_drv.c.obj
                0x08008d80                FATFS_LinkDriver
 *fill*         0x08008d8a        0x2 
 .text.ff_convert
                0x08008d8c       0x3c CMakeFiles/STM32F4_mp3_player.elf.dir/Middlewares/Third_Party/FatFs/src/option/ccsbcs.c.obj
                0x08008d8c                ff_convert
 .text.ff_wtoupper
                0x08008dc8       0x9c CMakeFiles/STM32F4_mp3_player.elf.dir/Middlewares/Third_Party/FatFs/src/option/ccsbcs.c.obj
                0x08008dc8                ff_wtoupper
 .text.USBH_UserProcess
                0x08008e64       0x2c CMakeFiles/STM32F4_mp3_player.elf.dir/USB_HOST/App/usb_host.c.obj
 .text.MX_USB_HOST_Init
                0x08008e90       0x40 CMakeFiles/STM32F4_mp3_player.elf.dir/USB_HOST/App/usb_host.c.obj
                0x08008e90                MX_USB_HOST_Init
 .text.MX_USB_HOST_Process
                0x08008ed0       0x10 CMakeFiles/STM32F4_mp3_player.elf.dir/USB_HOST/App/usb_host.c.obj
                0x08008ed0                MX_USB_HOST_Process
 .text.HAL_HCD_MspInit
                0x08008ee0       0x98 CMakeFiles/STM32F4_mp3_player.elf.dir/USB_HOST/Target/usbh_conf.c.obj
                0x08008ee0                HAL_HCD_MspInit
 .text.HAL_HCD_SOF_Callback
                0x08008f78        0xc CMakeFiles/STM32F4_mp3_player.elf.dir/USB_HOST/Target/usbh_conf.c.obj
                0x08008f78                HAL_HCD_SOF_Callback
 .text.HAL_HCD_Connect_Callback
                0x08008f84        0xc CMakeFiles/STM32F4_mp3_player.elf.dir/USB_HOST/Target/usbh_conf.c.obj
                0x08008f84                HAL_HCD_Connect_Callback
 .text.HAL_HCD_Disconnect_Callback
                0x08008f90        0xc CMakeFiles/STM32F4_mp3_player.elf.dir/USB_HOST/Target/usbh_conf.c.obj
                0x08008f90                HAL_HCD_Disconnect_Callback
 .text.HAL_HCD_HC_NotifyURBChange_Callback
                0x08008f9c        0x2 CMakeFiles/STM32F4_mp3_player.elf.dir/USB_HOST/Target/usbh_conf.c.obj
                0x08008f9c                HAL_HCD_HC_NotifyURBChange_Callback
 .text.HAL_HCD_PortEnabled_Callback
                0x08008f9e        0xc CMakeFiles/STM32F4_mp3_player.elf.dir/USB_HOST/Target/usbh_conf.c.obj
                0x08008f9e                HAL_HCD_PortEnabled_Callback
 .text.HAL_HCD_PortDisabled_Callback
                0x08008faa        0xc CMakeFiles/STM32F4_mp3_player.elf.dir/USB_HOST/Target/usbh_conf.c.obj
                0x08008faa                HAL_HCD_PortDisabled_Callback
 *fill*         0x08008fb6        0x2 
 .text.USBH_LL_Init
                0x08008fb8       0x54 CMakeFiles/STM32F4_mp3_player.elf.dir/USB_HOST/Target/usbh_conf.c.obj
                0x08008fb8                USBH_LL_Init
 .text.USBH_LL_GetSpeed
                0x0800900c       0x20 CMakeFiles/STM32F4_mp3_player.elf.dir/USB_HOST/Target/usbh_conf.c.obj
                0x0800900c                USBH_LL_GetSpeed
 .text.USBH_LL_GetLastXferSize
                0x0800902c        0xc CMakeFiles/STM32F4_mp3_player.elf.dir/USB_HOST/Target/usbh_conf.c.obj
                0x0800902c                USBH_LL_GetLastXferSize
 .text.USBH_LL_GetURBState
                0x08009038        0xc CMakeFiles/STM32F4_mp3_player.elf.dir/USB_HOST/Target/usbh_conf.c.obj
                0x08009038                USBH_LL_GetURBState
 .text.USBH_LL_DriverVBUS
                0x08009044       0x1c CMakeFiles/STM32F4_mp3_player.elf.dir/USB_HOST/Target/usbh_conf.c.obj
                0x08009044                USBH_LL_DriverVBUS
 .text.USBH_LL_SetToggle
                0x08009060       0x2a CMakeFiles/STM32F4_mp3_player.elf.dir/USB_HOST/Target/usbh_conf.c.obj
                0x08009060                USBH_LL_SetToggle
 .text.USBH_LL_GetToggle
                0x0800908a       0x28 CMakeFiles/STM32F4_mp3_player.elf.dir/USB_HOST/Target/usbh_conf.c.obj
                0x0800908a                USBH_LL_GetToggle
 .text.USBH_Delay
                0x080090b2        0x8 CMakeFiles/STM32F4_mp3_player.elf.dir/USB_HOST/Target/usbh_conf.c.obj
                0x080090b2                USBH_Delay
 .text.USBH_Get_USB_Status
                0x080090ba       0x14 CMakeFiles/STM32F4_mp3_player.elf.dir/USB_HOST/Target/usbh_conf.c.obj
                0x080090ba                USBH_Get_USB_Status
 .text.USBH_LL_Start
                0x080090ce       0x10 CMakeFiles/STM32F4_mp3_player.elf.dir/USB_HOST/Target/usbh_conf.c.obj
                0x080090ce                USBH_LL_Start
 .text.USBH_LL_Stop
                0x080090de       0x10 CMakeFiles/STM32F4_mp3_player.elf.dir/USB_HOST/Target/usbh_conf.c.obj
                0x080090de                USBH_LL_Stop
 .text.USBH_LL_ResetPort
                0x080090ee       0x10 CMakeFiles/STM32F4_mp3_player.elf.dir/USB_HOST/Target/usbh_conf.c.obj
                0x080090ee                USBH_LL_ResetPort
 .text.USBH_LL_OpenPipe
                0x080090fe       0x26 CMakeFiles/STM32F4_mp3_player.elf.dir/USB_HOST/Target/usbh_conf.c.obj
                0x080090fe                USBH_LL_OpenPipe
 .text.USBH_LL_ClosePipe
                0x08009124       0x10 CMakeFiles/STM32F4_mp3_player.elf.dir/USB_HOST/Target/usbh_conf.c.obj
                0x08009124                USBH_LL_ClosePipe
 .text.USBH_LL_SubmitURB
                0x08009134       0x2a CMakeFiles/STM32F4_mp3_player.elf.dir/USB_HOST/Target/usbh_conf.c.obj
                0x08009134                USBH_LL_SubmitURB
 *fill*         0x0800915e        0x2 
 .text.MX_DriverVbusFS
                0x08009160       0x18 CMakeFiles/STM32F4_mp3_player.elf.dir/USB_HOST/Target/usbh_platform.c.obj
                0x08009160                MX_DriverVbusFS
 .text.__udivmoddi4
                0x08009178      0x2bc /Applications/ArmGNUToolchain/12.2.mpacbti-rel1/arm-none-eabi/bin/../lib/gcc/arm-none-eabi/12.2.1/thumb/v7e-m/nofp/libgcc.a(_udivmoddi4.o)
                0x08009178                __udivmoddi4
 .text.malloc   0x08009434       0x10 /Applications/ArmGNUToolchain/12.2.mpacbti-rel1/arm-none-eabi/bin/../lib/gcc/arm-none-eabi/12.2.1/../../../../arm-none-eabi/lib/thumb/v7e-m/nofp/libg.a(libc_a-malloc.o)
                0x08009434                malloc
 .text.free     0x08009444       0x10 /Applications/ArmGNUToolchain/12.2.mpacbti-rel1/arm-none-eabi/bin/../lib/gcc/arm-none-eabi/12.2.1/../../../../arm-none-eabi/lib/thumb/v7e-m/nofp/libg.a(libc_a-malloc.o)
                0x08009444                free
 .text._malloc_r
                0x08009454      0x574 /Applications/ArmGNUToolchain/12.2.mpacbti-rel1/arm-none-eabi/bin/../lib/gcc/arm-none-eabi/12.2.1/../../../../arm-none-eabi/lib/thumb/v7e-m/nofp/libg.a(libc_a-mallocr.o)
                0x08009454                _malloc_r
 .text.__malloc_lock
                0x080099c8        0xc /Applications/ArmGNUToolchain/12.2.mpacbti-rel1/arm-none-eabi/bin/../lib/gcc/arm-none-eabi/12.2.1/../../../../arm-none-eabi/lib/thumb/v7e-m/nofp/libg.a(libc_a-mlock.o)
                0x080099c8                __malloc_lock
 .text.__malloc_unlock
                0x080099d4        0xc /Applications/ArmGNUToolchain/12.2.mpacbti-rel1/arm-none-eabi/bin/../lib/gcc/arm-none-eabi/12.2.1/../../../../arm-none-eabi/lib/thumb/v7e-m/nofp/libg.a(libc_a-mlock.o)
                0x080099d4                __malloc_unlock
 .text.memset   0x080099e0       0xa4 /Applications/ArmGNUToolchain/12.2.mpacbti-rel1/arm-none-eabi/bin/../lib/gcc/arm-none-eabi/12.2.1/../../../../arm-none-eabi/lib/thumb/v7e-m/nofp/libg.a(libc_a-memset.o)
                0x080099e0                memset
 .text.strncpy  0x08009a84       0x68 /Applications/ArmGNUToolchain/12.2.mpacbti-rel1/arm-none-eabi/bin/../lib/gcc/arm-none-eabi/12.2.1/../../../../arm-none-eabi/lib/thumb/v7e-m/nofp/libg.a(libc_a-strncpy.o)
                0x08009a84                strncpy
 .text.critical_factorization
                0x08009aec       0xc8 /Applications/ArmGNUToolchain/12.2.mpacbti-rel1/arm-none-eabi/bin/../lib/gcc/arm-none-eabi/12.2.1/../../../../arm-none-eabi/lib/thumb/v7e-m/nofp/libg.a(libc_a-strstr.o)
 .text.two_way_long_needle
                0x08009bb4      0x204 /Applications/ArmGNUToolchain/12.2.mpacbti-rel1/arm-none-eabi/bin/../lib/gcc/arm-none-eabi/12.2.1/../../../../arm-none-eabi/lib/thumb/v7e-m/nofp/libg.a(libc_a-strstr.o)
 .text.strstr   0x08009db8      0x16c /Applications/ArmGNUToolchain/12.2.mpacbti-rel1/arm-none-eabi/bin/../lib/gcc/arm-none-eabi/12.2.1/../../../../arm-none-eabi/lib/thumb/v7e-m/nofp/libg.a(libc_a-strstr.o)
                0x08009db8                strstr
 .text._sbrk_r  0x08009f24       0x24 /Applications/ArmGNUToolchain/12.2.mpacbti-rel1/arm-none-eabi/bin/../lib/gcc/arm-none-eabi/12.2.1/../../../../arm-none-eabi/lib/thumb/v7e-m/nofp/libg.a(libc_a-sbrkr.o)
                0x08009f24                _sbrk_r
 .text.__errno  0x08009f48        0xc /Applications/ArmGNUToolchain/12.2.mpacbti-rel1/arm-none-eabi/bin/../lib/gcc/arm-none-eabi/12.2.1/../../../../arm-none-eabi/lib/thumb/v7e-m/nofp/libg.a(libc_a-errno.o)
                0x08009f48                __errno
 .text.sysconf  0x08009f54       0x1c /Applications/ArmGNUToolchain/12.2.mpacbti-rel1/arm-none-eabi/bin/../lib/gcc/arm-none-eabi/12.2.1/../../../../arm-none-eabi/lib/thumb/v7e-m/nofp/libg.a(libc_a-sysconf.o)
                0x08009f54                sysconf
 .text.__libc_init_array
                0x08009f70       0x50 /Applications/ArmGNUToolchain/12.2.mpacbti-rel1/arm-none-eabi/bin/../lib/gcc/arm-none-eabi/12.2.1/../../../../arm-none-eabi/lib/thumb/v7e-m/nofp/libg.a(libc_a-init.o)
                0x08009f70                __libc_init_array
 .text.__retarget_lock_acquire_recursive
                0x08009fc0        0x4 /Applications/ArmGNUToolchain/12.2.mpacbti-rel1/arm-none-eabi/bin/../lib/gcc/arm-none-eabi/12.2.1/../../../../arm-none-eabi/lib/thumb/v7e-m/nofp/libg.a(libc_a-lock.o)
                0x08009fc0                __retarget_lock_acquire_recursive
 .text.__retarget_lock_release_recursive
                0x08009fc4        0x4 /Applications/ArmGNUToolchain/12.2.mpacbti-rel1/arm-none-eabi/bin/../lib/gcc/arm-none-eabi/12.2.1/../../../../arm-none-eabi/lib/thumb/v7e-m/nofp/libg.a(libc_a-lock.o)
                0x08009fc4                __retarget_lock_release_recursive
 .text.startup.register_fini
                0x08009fc8       0x14 /Applications/ArmGNUToolchain/12.2.mpacbti-rel1/arm-none-eabi/bin/../lib/gcc/arm-none-eabi/12.2.1/../../../../arm-none-eabi/lib/thumb/v7e-m/nofp/libg.a(libc_a-__call_atexit.o)
 .text.atexit   0x08009fdc        0xc /Applications/ArmGNUToolchain/12.2.mpacbti-rel1/arm-none-eabi/bin/../lib/gcc/arm-none-eabi/12.2.1/../../../../arm-none-eabi/lib/thumb/v7e-m/nofp/libg.a(libc_a-atexit.o)
                0x08009fdc                atexit
 .text._malloc_trim_r
                0x08009fe8       0xb8 /Applications/ArmGNUToolchain/12.2.mpacbti-rel1/arm-none-eabi/bin/../lib/gcc/arm-none-eabi/12.2.1/../../../../arm-none-eabi/lib/thumb/v7e-m/nofp/libg.a(libc_a-freer.o)
                0x08009fe8                _malloc_trim_r
 .text._free_r  0x0800a0a0      0x1fc /Applications/ArmGNUToolchain/12.2.mpacbti-rel1/arm-none-eabi/bin/../lib/gcc/arm-none-eabi/12.2.1/../../../../arm-none-eabi/lib/thumb/v7e-m/nofp/libg.a(libc_a-freer.o)
                0x0800a0a0                _free_r
 .text.memcmp   0x0800a29c       0x60 /Applications/ArmGNUToolchain/12.2.mpacbti-rel1/arm-none-eabi/bin/../lib/gcc/arm-none-eabi/12.2.1/../../../../arm-none-eabi/lib/thumb/v7e-m/nofp/libg.a(libc_a-memcmp.o)
                0x0800a29c                memcmp
 .text.strchr   0x0800a2fc       0xd0 /Applications/ArmGNUToolchain/12.2.mpacbti-rel1/arm-none-eabi/bin/../lib/gcc/arm-none-eabi/12.2.1/../../../../arm-none-eabi/lib/thumb/v7e-m/nofp/libg.a(libc_a-strchr.o)
                0x0800a2fc                strchr
 .text.strnlen  0x0800a3cc       0x24 /Applications/ArmGNUToolchain/12.2.mpacbti-rel1/arm-none-eabi/bin/../lib/gcc/arm-none-eabi/12.2.1/../../../../arm-none-eabi/lib/thumb/v7e-m/nofp/libg.a(libc_a-strnlen.o)
                0x0800a3cc                strnlen
 .text.__libc_fini_array
                0x0800a3f0       0x28 /Applications/ArmGNUToolchain/12.2.mpacbti-rel1/arm-none-eabi/bin/../lib/gcc/arm-none-eabi/12.2.1/../../../../arm-none-eabi/lib/thumb/v7e-m/nofp/libg.a(libc_a-fini.o)
                0x0800a3f0                __libc_fini_array
 .text.__register_exitproc
                0x0800a418       0x80 /Applications/ArmGNUToolchain/12.2.mpacbti-rel1/arm-none-eabi/bin/../lib/gcc/arm-none-eabi/12.2.1/../../../../arm-none-eabi/lib/thumb/v7e-m/nofp/libg.a(libc_a-__atexit.o)
                0x0800a418                __register_exitproc
 *(.glue_7)
 .glue_7        0x0800a498        0x0 linker stubs
 *(.glue_7t)
 .glue_7t       0x0800a498        0x0 linker stubs
 *(.eh_frame)
 .eh_frame      0x0800a498        0x0 /Applications/ArmGNUToolchain/12.2.mpacbti-rel1/arm-none-eabi/bin/../lib/gcc/arm-none-eabi/12.2.1/thumb/v7e-m/nofp/crtbegin.o
 *(.init)
 .init          0x0800a498        0x4 /Applications/ArmGNUToolchain/12.2.mpacbti-rel1/arm-none-eabi/bin/../lib/gcc/arm-none-eabi/12.2.1/thumb/v7e-m/nofp/crti.o
                0x0800a498                _init
 .init          0x0800a49c        0x8 /Applications/ArmGNUToolchain/12.2.mpacbti-rel1/arm-none-eabi/bin/../lib/gcc/arm-none-eabi/12.2.1/thumb/v7e-m/nofp/crtn.o
 *(.fini)
 .fini          0x0800a4a4        0x4 /Applications/ArmGNUToolchain/12.2.mpacbti-rel1/arm-none-eabi/bin/../lib/gcc/arm-none-eabi/12.2.1/thumb/v7e-m/nofp/crti.o
                0x0800a4a4                _fini
 .fini          0x0800a4a8        0x8 /Applications/ArmGNUToolchain/12.2.mpacbti-rel1/arm-none-eabi/bin/../lib/gcc/arm-none-eabi/12.2.1/thumb/v7e-m/nofp/crtn.o
                0x0800a4b0                        . = ALIGN (0x4)
                0x0800a4b0                        _etext = .

.vfp11_veneer   0x0800a4b0        0x0
 .vfp11_veneer  0x0800a4b0        0x0 linker stubs

.v4_bx          0x0800a4b0        0x0
 .v4_bx         0x0800a4b0        0x0 linker stubs

.iplt           0x0800a4b0        0x0
 .iplt          0x0800a4b0        0x0 /Applications/ArmGNUToolchain/12.2.mpacbti-rel1/arm-none-eabi/bin/../lib/gcc/arm-none-eabi/12.2.1/thumb/v7e-m/nofp/crtbegin.o

.rodata         0x0800a4b0      0x4f4
                0x0800a4b0                        . = ALIGN (0x4)
 *(.rodata)
 *(.rodata*)
 .rodata.I2SPLLR
                0x0800a4b0       0x20 CMakeFiles/STM32F4_mp3_player.elf.dir/Core/Src/AUDIO.c.obj
                0x0800a4b0                I2SPLLR
 .rodata.I2SPLLN
                0x0800a4d0       0x20 CMakeFiles/STM32F4_mp3_player.elf.dir/Core/Src/AUDIO.c.obj
                0x0800a4d0                I2SPLLN
 .rodata.I2SFreq
                0x0800a4f0       0x20 CMakeFiles/STM32F4_mp3_player.elf.dir/Core/Src/AUDIO.c.obj
                0x0800a4f0                I2SFreq
 .rodata.AUDIO_StorageParse.str1.4
                0x0800a510        0x8 CMakeFiles/STM32F4_mp3_player.elf.dir/Core/Src/File_Handling.c.obj
 .rodata.APBPrescTable
                0x0800a518        0x8 CMakeFiles/STM32F4_mp3_player.elf.dir/Core/Src/system_stm32f4xx.c.obj
                0x0800a518                APBPrescTable
 .rodata.AHBPrescTable
                0x0800a520       0x10 CMakeFiles/STM32F4_mp3_player.elf.dir/Core/Src/system_stm32f4xx.c.obj
                0x0800a520                AHBPrescTable
 .rodata.flagBitshiftOffset.0
                0x0800a530        0x8 CMakeFiles/STM32F4_mp3_player.elf.dir/Drivers/STM32F4xx_HAL_Driver/Src/stm32f4xx_hal_dma.c.obj
 .rodata.USBH_Driver
                0x0800a538       0x14 CMakeFiles/STM32F4_mp3_player.elf.dir/FATFS/Target/usbh_diskio.c.obj
                0x0800a538                USBH_Driver
 .rodata.str1.4
                0x0800a54c        0x4 CMakeFiles/STM32F4_mp3_player.elf.dir/Middlewares/ST/STM32_USB_Host_Library/Class/MSC/Src/usbh_msc.c.obj
 .rodata.create_name.str1.4
                0x0800a550       0x13 CMakeFiles/STM32F4_mp3_player.elf.dir/Middlewares/Third_Party/FatFs/src/ff.c.obj
 *fill*         0x0800a563        0x1 
 .rodata.LfnOfs
                0x0800a564        0xd CMakeFiles/STM32F4_mp3_player.elf.dir/Middlewares/Third_Party/FatFs/src/ff.c.obj
 *fill*         0x0800a571        0x3 
 .rodata.ExCvt  0x0800a574       0x80 CMakeFiles/STM32F4_mp3_player.elf.dir/Middlewares/Third_Party/FatFs/src/ff.c.obj
 .rodata.cvt2.0
                0x0800a5f4       0xbc CMakeFiles/STM32F4_mp3_player.elf.dir/Middlewares/Third_Party/FatFs/src/option/ccsbcs.c.obj
 .rodata.cvt1.1
                0x0800a6b0      0x1f2 CMakeFiles/STM32F4_mp3_player.elf.dir/Middlewares/Third_Party/FatFs/src/option/ccsbcs.c.obj
 *fill*         0x0800a8a2        0x2 
 .rodata.Tbl    0x0800a8a4      0x100 CMakeFiles/STM32F4_mp3_player.elf.dir/Middlewares/Third_Party/FatFs/src/option/ccsbcs.c.obj
                0x0800a9a4                        . = ALIGN (0x4)

.ARM.extab      0x0800a9a4        0x0
                0x0800a9a4                        . = ALIGN (0x4)
 *(.ARM.extab* .gnu.linkonce.armextab.*)
                0x0800a9a4                        . = ALIGN (0x4)

.ARM            0x0800a9a4        0x8
                0x0800a9a4                        . = ALIGN (0x4)
                0x0800a9a4                        __exidx_start = .
 *(.ARM.exidx*)
 .ARM.exidx     0x0800a9a4        0x8 /Applications/ArmGNUToolchain/12.2.mpacbti-rel1/arm-none-eabi/bin/../lib/gcc/arm-none-eabi/12.2.1/../../../../arm-none-eabi/lib/thumb/v7e-m/nofp/libg.a(libc_a-strlen.o)
 .ARM.exidx.text.__udivmoddi4
                0x0800a9ac        0x0 /Applications/ArmGNUToolchain/12.2.mpacbti-rel1/arm-none-eabi/bin/../lib/gcc/arm-none-eabi/12.2.1/thumb/v7e-m/nofp/libgcc.a(_udivmoddi4.o)
                                  0x8 (size before relaxing)
                0x0800a9ac                        __exidx_end = .
                0x0800a9ac                        . = ALIGN (0x4)

.rel.dyn        0x0800a9ac        0x0
 .rel.iplt      0x0800a9ac        0x0 /Applications/ArmGNUToolchain/12.2.mpacbti-rel1/arm-none-eabi/bin/../lib/gcc/arm-none-eabi/12.2.1/thumb/v7e-m/nofp/crtbegin.o

.preinit_array  0x0800a9ac        0x0
                0x0800a9ac                        . = ALIGN (0x4)
                0x0800a9ac                        PROVIDE (__preinit_array_start = .)
 *(.preinit_array*)
                0x0800a9ac                        PROVIDE (__preinit_array_end = .)
                0x0800a9ac                        . = ALIGN (0x4)

.init_array     0x0800a9ac        0x8
                0x0800a9ac                        . = ALIGN (0x4)
                0x0800a9ac                        PROVIDE (__init_array_start = .)
 *(SORT_BY_NAME(.init_array.*))
 .init_array.00000
                0x0800a9ac        0x4 /Applications/ArmGNUToolchain/12.2.mpacbti-rel1/arm-none-eabi/bin/../lib/gcc/arm-none-eabi/12.2.1/../../../../arm-none-eabi/lib/thumb/v7e-m/nofp/libg.a(libc_a-__call_atexit.o)
 *(.init_array*)
 .init_array    0x0800a9b0        0x4 /Applications/ArmGNUToolchain/12.2.mpacbti-rel1/arm-none-eabi/bin/../lib/gcc/arm-none-eabi/12.2.1/thumb/v7e-m/nofp/crtbegin.o
                0x0800a9b4                        PROVIDE (__init_array_end = .)
                0x0800a9b4                        . = ALIGN (0x4)

.fini_array     0x0800a9b4        0x4
                0x0800a9b4                        . = ALIGN (0x4)
                0x0800a9b4                        PROVIDE (__fini_array_start = .)
 *(SORT_BY_NAME(.fini_array.*))
 *(.fini_array*)
 .fini_array    0x0800a9b4        0x4 /Applications/ArmGNUToolchain/12.2.mpacbti-rel1/arm-none-eabi/bin/../lib/gcc/arm-none-eabi/12.2.1/thumb/v7e-m/nofp/crtbegin.o
                0x0800a9b8                        PROVIDE (__fini_array_end = .)
                0x0800a9b8                        . = ALIGN (0x4)
                0x0800a9b8                        _sidata = LOADADDR (.data)

.data           0x20000000      0x5a4 load address 0x0800a9b8
                0x20000000                        . = ALIGN (0x4)
                0x20000000                        _sdata = .
 *(.data)
 *(.data*)
 .data.I2cxTimeout
                0x20000000        0x4 CMakeFiles/STM32F4_mp3_player.elf.dir/Core/Src/AUDIO_LINK.c.obj
                0x20000000                I2cxTimeout
 .data.Is_cs43l22_Stop
                0x20000004        0x1 CMakeFiles/STM32F4_mp3_player.elf.dir/Core/Src/cs43l22.c.obj
 *fill*         0x20000005        0x3 
 .data.cs43l22_drv
                0x20000008       0x30 CMakeFiles/STM32F4_mp3_player.elf.dir/Core/Src/cs43l22.c.obj
                0x20000008                cs43l22_drv
 .data.SystemCoreClock
                0x20000038        0x4 CMakeFiles/STM32F4_mp3_player.elf.dir/Core/Src/system_stm32f4xx.c.obj
                0x20000038                SystemCoreClock
 .data.uwVolume
                0x2000003c        0x4 CMakeFiles/STM32F4_mp3_player.elf.dir/Core/Src/waveplayer.c.obj
 .data.uwTickFreq
                0x20000040        0x1 CMakeFiles/STM32F4_mp3_player.elf.dir/Drivers/STM32F4xx_HAL_Driver/Src/stm32f4xx_hal.c.obj
                0x20000040                uwTickFreq
 *fill*         0x20000041        0x3 
 .data.uwTickPrio
                0x20000044        0x4 CMakeFiles/STM32F4_mp3_player.elf.dir/Drivers/STM32F4xx_HAL_Driver/Src/stm32f4xx_hal.c.obj
                0x20000044                uwTickPrio
 .data.USBH_msc
                0x20000048       0x20 CMakeFiles/STM32F4_mp3_player.elf.dir/Middlewares/ST/STM32_USB_Host_Library/Class/MSC/Src/usbh_msc.c.obj
                0x20000048                USBH_msc
 .data.__malloc_sbrk_base
                0x20000068        0x4 /Applications/ArmGNUToolchain/12.2.mpacbti-rel1/arm-none-eabi/bin/../lib/gcc/arm-none-eabi/12.2.1/../../../../arm-none-eabi/lib/thumb/v7e-m/nofp/libg.a(libc_a-mallocr.o)
                0x20000068                __malloc_sbrk_base
 .data.__malloc_trim_threshold
                0x2000006c        0x4 /Applications/ArmGNUToolchain/12.2.mpacbti-rel1/arm-none-eabi/bin/../lib/gcc/arm-none-eabi/12.2.1/../../../../arm-none-eabi/lib/thumb/v7e-m/nofp/libg.a(libc_a-mallocr.o)
                0x2000006c                __malloc_trim_threshold
 .data.__malloc_av_
                0x20000070      0x408 /Applications/ArmGNUToolchain/12.2.mpacbti-rel1/arm-none-eabi/bin/../lib/gcc/arm-none-eabi/12.2.1/../../../../arm-none-eabi/lib/thumb/v7e-m/nofp/libg.a(libc_a-mallocr.o)
                0x20000070                __malloc_av_
 .data._impure_ptr
                0x20000478        0x4 /Applications/ArmGNUToolchain/12.2.mpacbti-rel1/arm-none-eabi/bin/../lib/gcc/arm-none-eabi/12.2.1/../../../../arm-none-eabi/lib/thumb/v7e-m/nofp/libg.a(libc_a-impure.o)
                0x20000478                _impure_ptr
 *fill*         0x2000047c        0x4 
 .data._impure_data
                0x20000480      0x120 /Applications/ArmGNUToolchain/12.2.mpacbti-rel1/arm-none-eabi/bin/../lib/gcc/arm-none-eabi/12.2.1/../../../../arm-none-eabi/lib/thumb/v7e-m/nofp/libg.a(libc_a-impure.o)
                0x20000480                _impure_data
 .data.__atexit_recursive_mutex
                0x200005a0        0x4 /Applications/ArmGNUToolchain/12.2.mpacbti-rel1/arm-none-eabi/bin/../lib/gcc/arm-none-eabi/12.2.1/../../../../arm-none-eabi/lib/thumb/v7e-m/nofp/libg.a(libc_a-__call_atexit.o)
                0x200005a0                __atexit_recursive_mutex
 *(.RamFunc)
 *(.RamFunc*)
                0x200005a4                        . = ALIGN (0x4)
                0x200005a4                        _edata = .

.tm_clone_table
                0x200005a4        0x0 load address 0x0800af5c
 .tm_clone_table
                0x200005a4        0x0 /Applications/ArmGNUToolchain/12.2.mpacbti-rel1/arm-none-eabi/bin/../lib/gcc/arm-none-eabi/12.2.1/thumb/v7e-m/nofp/crtbegin.o
 .tm_clone_table
                0x200005a4        0x0 /Applications/ArmGNUToolchain/12.2.mpacbti-rel1/arm-none-eabi/bin/../lib/gcc/arm-none-eabi/12.2.1/thumb/v7e-m/nofp/crtend.o

.igot.plt       0x200005a4        0x0 load address 0x0800af5c
 .igot.plt      0x200005a4        0x0 /Applications/ArmGNUToolchain/12.2.mpacbti-rel1/arm-none-eabi/bin/../lib/gcc/arm-none-eabi/12.2.1/thumb/v7e-m/nofp/crtbegin.o
                0x200005a4                        . = ALIGN (0x4)

.bss            0x200005a4     0x26c8 load address 0x0800af5c
                0x200005a4                        _sbss = .
                0x200005a4                        __bss_start__ = _sbss
 *(.bss)
 *(.bss*)
 .bss.completed.1
                0x200005a4        0x1 /Applications/ArmGNUToolchain/12.2.mpacbti-rel1/arm-none-eabi/bin/../lib/gcc/arm-none-eabi/12.2.1/thumb/v7e-m/nofp/crtbegin.o
 *fill*         0x200005a5        0x3 
 .bss.object.0  0x200005a8       0x18 /Applications/ArmGNUToolchain/12.2.mpacbti-rel1/arm-none-eabi/bin/../lib/gcc/arm-none-eabi/12.2.1/thumb/v7e-m/nofp/crtbegin.o
 .bss.hdma_i2sTx.0
                0x200005c0       0x60 CMakeFiles/STM32F4_mp3_player.elf.dir/Core/Src/AUDIO.c.obj
 .bss.hAudioOutI2s
                0x20000620       0x48 CMakeFiles/STM32F4_mp3_player.elf.dir/Core/Src/AUDIO.c.obj
                0x20000620                hAudioOutI2s
 .bss.pAudioDrv
                0x20000668        0x4 CMakeFiles/STM32F4_mp3_player.elf.dir/Core/Src/AUDIO.c.obj
 .bss.I2cHandle
                0x2000066c       0x54 CMakeFiles/STM32F4_mp3_player.elf.dir/Core/Src/AUDIO_LINK.c.obj
 .bss.NumObs    0x200006c0        0x2 CMakeFiles/STM32F4_mp3_player.elf.dir/Core/Src/File_Handling.c.obj
                0x200006c0                NumObs
 .bss.fresult   0x200006c2        0x1 CMakeFiles/STM32F4_mp3_player.elf.dir/Core/Src/File_Handling.c.obj
                0x200006c2                fresult
 .bss.OutputDev
                0x200006c3        0x1 CMakeFiles/STM32F4_mp3_player.elf.dir/Core/Src/cs43l22.c.obj
                0x200006c3                OutputDev
 .bss.hdma_spi3_tx
                0x200006c4       0x60 CMakeFiles/STM32F4_mp3_player.elf.dir/Core/Src/main.c.obj
                0x200006c4                hdma_spi3_tx
 .bss.hi2s3     0x20000724       0x48 CMakeFiles/STM32F4_mp3_player.elf.dir/Core/Src/main.c.obj
                0x20000724                hi2s3
 .bss.hi2c1     0x2000076c       0x54 CMakeFiles/STM32F4_mp3_player.elf.dir/Core/Src/main.c.obj
                0x2000076c                hi2c1
 .bss.IsFinished